Component: ARM Compiler 5.06 update 7 (build 960) Tool: armlink [4d3601]

==============================================================================

Section Cross References

    main.o(i.main) refers to drivers.o(i.clk_config) for clk_config
    main.o(i.main) refers to drivers.o(i.USART1_config) for USART1_config
    main.o(i.main) refers to drivers.o(i.USART1_putString) for USART1_putString
    main.o(i.main) refers to drivers.o(i.Read_uart) for Read_uart
    main.o(i.main) refers to main.o(.conststring) for .conststring
    register.o(.text) refers to drivers.o(.bss) for resgister
    register.o(.text) refers to drivers.o(.data) for memo
    drivers.o(i.PWM_Init) refers to dflt_clz.o(x$fpl$dfltu) for __aeabi_ui2d
    drivers.o(i.PWM_Init) refers to dmul.o(x$fpl$dmul) for __aeabi_dmul
    drivers.o(i.PWM_Init) refers to dfixu.o(x$fpl$dfixu) for __aeabi_d2uiz
    drivers.o(i.Rd_get) refers to _printf_percent.o(.ARM.Collect$$_printf_percent$$00000000) for _printf_percent
    drivers.o(i.Rd_get) refers to _printf_d.o(.ARM.Collect$$_printf_percent$$00000009) for _printf_d
    drivers.o(i.Rd_get) refers to _printf_dec.o(.text) for _printf_int_dec
    drivers.o(i.Rd_get) refers to _printf_pad.o(.text) for _printf_pre_padding
    drivers.o(i.Rd_get) refers to _printf_x.o(.ARM.Collect$$_printf_percent$$0000000C) for _printf_x
    drivers.o(i.Rd_get) refers to _printf_hex_int.o(.text) for _printf_longlong_hex
    drivers.o(i.Rd_get) refers to register.o(.text) for RD_display
    drivers.o(i.Rd_get) refers to noretval__2sprintf.o(.text) for __2sprintf
    drivers.o(i.Rd_get) refers to strcpy.o(.text) for strcpy
    drivers.o(i.Rd_get) refers to strcat.o(.text) for strcat
    drivers.o(i.Rd_get) refers to drivers.o(i.USART1_putString) for USART1_putString
    drivers.o(i.Rd_get) refers to drivers.o(.data) for i
    drivers.o(i.Rd_get) refers to drivers.o(.bss) for D
    drivers.o(i.Read_uart) refers to strtok.o(.text) for strtok
    drivers.o(i.Read_uart) refers to drivers.o(i.opciones) for opciones
    drivers.o(i.Read_uart) refers to drivers.o(.data) for coman_ready
    drivers.o(i.Read_uart) refers to drivers.o(.bss) for tx_string
    drivers.o(i.USART1_IRQHandler) refers to drivers.o(.data) for data
    drivers.o(i.USART1_IRQHandler) refers to drivers.o(.bss) for tx_string
    drivers.o(i.USART1_config) refers to system_stm32f3xx.o(.data) for SystemCoreClock
    drivers.o(i.USART1_putString) refers to drivers.o(i.USART1_send) for USART1_send
    drivers.o(i.clear) refers to drivers.o(i.USART1_putString) for USART1_putString
    drivers.o(i.clk_config) refers to system_stm32f3xx.o(i.SystemCoreClockUpdate) for SystemCoreClockUpdate
    drivers.o(i.help) refers to drivers.o(i.USART1_putString) for USART1_putString
    drivers.o(i.help) refers to drivers.o(.conststring) for .conststring
    drivers.o(i.opciones) refers to _printf_percent.o(.ARM.Collect$$_printf_percent$$00000000) for _printf_percent
    drivers.o(i.opciones) refers to _printf_x.o(.ARM.Collect$$_printf_percent$$0000000C) for _printf_x
    drivers.o(i.opciones) refers to _printf_hex_int.o(.text) for _printf_longlong_hex
    drivers.o(i.opciones) refers to strcmpv7m.o(.text) for strcmp
    drivers.o(i.opciones) refers to drivers.o(i.help) for help
    drivers.o(i.opciones) refers to drivers.o(i.USART1_putString) for USART1_putString
    drivers.o(i.opciones) refers to drivers.o(i.clear) for clear
    drivers.o(i.opciones) refers to drivers.o(i.Rd_get) for Rd_get
    drivers.o(i.opciones) refers to strtoll.o(.text) for strtoll
    drivers.o(i.opciones) refers to register.o(.text) for RM
    drivers.o(i.opciones) refers to noretval__2sprintf.o(.text) for __2sprintf
    drivers.o(i.opciones) refers to drivers.o(i.PWM_Init) for PWM_Init
    drivers.o(i.opciones) refers to strtoull.o(.text) for strtoull
    drivers.o(i.opciones) refers to drivers.o(.data) for token
    drivers.o(i.opciones) refers to drivers.o(.bss) for memo_array
    drivers.o(.data) refers to drivers.o(.conststring) for .conststring
    startup_stm32f303xc.o(STACK) refers (Special) to heapauxi.o(.text) for __use_two_region_memory
    startup_stm32f303xc.o(HEAP) refers (Special) to heapauxi.o(.text) for __use_two_region_memory
    startup_stm32f303xc.o(RESET) refers (Special) to heapauxi.o(.text) for __use_two_region_memory
    startup_stm32f303xc.o(RESET) refers to startup_stm32f303xc.o(STACK) for __initial_sp
    startup_stm32f303xc.o(RESET) refers to startup_stm32f303xc.o(.text) for Reset_Handler
    startup_stm32f303xc.o(RESET) refers to drivers.o(i.USART1_IRQHandler) for USART1_IRQHandler
    startup_stm32f303xc.o(.text) refers (Special) to heapauxi.o(.text) for __use_two_region_memory
    startup_stm32f303xc.o(.text) refers to system_stm32f3xx.o(i.SystemInit) for SystemInit
    startup_stm32f303xc.o(.text) refers to __main.o(!!!main) for __main
    startup_stm32f303xc.o(.text) refers to startup_stm32f303xc.o(HEAP) for Heap_Mem
[...]
    __printf_flags.o(.text) refers to __printf_flags.o(.constdata) for .constdata
    __printf_ss.o(.text) refers to _printf_percent.o(.ARM.Collect$$_printf_percent$$00000000) for _printf_percent
    __printf_flags_ss.o(.text) refers to _printf_percent.o(.ARM.Collect$$_printf_percent$$00000000) for _printf_percent
    __printf_flags_ss.o(.text) refers to __printf_flags_ss.o(.constdata) for .constdata
    __printf_wp.o(.text) refers to __printf_wp.o(i._is_digit) for _is_digit
    __printf_wp.o(.text) refers to _printf_percent.o(.ARM.Collect$$_printf_percent$$00000000) for _printf_percent
    __printf_flags_wp.o(.text) refers to __printf_wp.o(i._is_digit) for _is_digit
    __printf_flags_wp.o(.text) refers to _printf_percent.o(.ARM.Collect$$_printf_percent$$00000000) for _printf_percent
    __printf_flags_wp.o(.text) refers to __printf_flags_wp.o(.constdata) for .constdata
    __printf_ss_wp.o(.text) refers to __printf_wp.o(i._is_digit) for _is_digit
    __printf_ss_wp.o(.text) refers to _printf_percent.o(.ARM.Collect$$_printf_percent$$00000000) for _printf_percent
    __printf_flags_ss_wp.o(.text) refers to __printf_wp.o(i._is_digit) for _is_digit
    __printf_flags_ss_wp.o(.text) refers to _printf_percent.o(.ARM.Collect$$_printf_percent$$00000000) for _printf_percent
    __printf_flags_ss_wp.o(.text) refers to __printf_flags_ss_wp.o(.constdata) for .constdata
    _printf_x.o(.ARM.Collect$$_printf_percent$$0000000C) refers (Weak) to _printf_hex_int.o(.text) for _printf_int_hex
    _printf_d.o(.ARM.Collect$$_printf_percent$$00000009) refers (Weak) to _printf_dec.o(.text) for _printf_int_dec
    _printf_percent.o(.ARM.Collect$$_printf_percent$$00000000) refers (Special) to _printf_percent_end.o(.ARM.Collect$$_printf_percent$$00000017) for _printf_percent_end
    strtoll.o(.text) refers to __strtoll.o(.text) for __strtoll
    strtoull.o(.text) refers to __strtoull.o(.text) for __strtoull
    strtok.o(.text) refers to strtok_int.o(.text) for __strtok_internal
    strtok.o(.text) refers to strtok.o(.data) for .data
    __main.o(!!!main) refers to __rtentry.o(.ARM.Collect$$rtentry$$00000000) for __rt_entry
    dfixu.o(x$fpl$dfixu) refers (Special) to usenofp.o(x$fpl$usenofp) for __I$use$fp
    dfixu.o(x$fpl$dfixu) refers to dnaninf.o(x$fpl$dnaninf) for __fpl_dnaninf
    dfixu.o(x$fpl$dfixur) refers (Special) to usenofp.o(x$fpl$usenofp) for __I$use$fp
    dfixu.o(x$fpl$dfixur) refers to dnaninf.o(x$fpl$dnaninf) for __fpl_dnaninf
    dflt_clz.o(x$fpl$dfltu) refers (Special) to usenofp.o(x$fpl$usenofp) for __I$use$fp
    dflt_clz.o(x$fpl$dflt) refers (Special) to usenofp.o(x$fpl$usenofp) for __I$use$fp
    dflt_clz.o(x$fpl$dfltn) refers (Special) to usenofp.o(x$fpl$usenofp) for __I$use$fp
    dmul.o(x$fpl$dmul) refers (Special) to usenofp.o(x$fpl$usenofp) for __I$use$fp
    dmul.o(x$fpl$dmul) refers to dretinf.o(x$fpl$dretinf) for __fpl_dretinf
    dmul.o(x$fpl$dmul) refers to dnaninf.o(x$fpl$dnaninf) for __fpl_dnaninf
    __rtentry.o(.ARM.Collect$$rtentry$$00000000) refers (Special) to __rtentry2.o(.ARM.Collect$$rtentry$$0000000A) for __rt_entry_li
    __rtentry.o(.ARM.Collect$$rtentry$$00000000) refers (Special) to __rtentry2.o(.ARM.Collect$$rtentry$$0000000D) for __rt_entry_main
    __rtentry.o(.ARM.Collect$$rtentry$$00000000) refers (Special) to __rtentry2.o(.ARM.Collect$$rtentry$$0000000C) for __rt_entry_postli_1
    __rtentry.o(.ARM.Collect$$rtentry$$00000000) refers (Special) to __rtentry2.o(.ARM.Collect$$rtentry$$00000009) for __rt_entry_postsh_1
    __rtentry.o(.ARM.Collect$$rtentry$$00000000) refers (Special) to __rtentry2.o(.ARM.Collect$$rtentry$$00000002) for __rt_entry_presh_1
    __rtentry.o(.ARM.Collect$$rtentry$$00000000) refers (Special) to __rtentry4.o(.ARM.Collect$$rtentry$$00000004) for __rt_entry_sh
    _printf_intcommon.o(.text) refers (Weak) to _printf_pad.o(.text) for _printf_pre_padding
    _printf_intcommon.o(.text) refers (Weak) to _printf_pad.o(.text) for _printf_pre_padding
    _printf_intcommon.o(.text) refers (Weak) to _printf_pad.o(.text) for _printf_post_padding
    _printf_char_common.o(.text) refers to __printf_flags_wp.o(.text) for __printf
    __strtoll.o(.text) refers to rt_ctype_table.o(.text) for __rt_ctype_table
    __strtoll.o(.text) refers to _strtoull.o(.text) for _strtoull
    __strtoll.o(.text) refers to rt_errno_addr_intlibspace.o(.text) for __aeabi_errno_addr
    __strtoull.o(.text) refers to rt_errno_addr_intlibspace.o(.text) for __aeabi_errno_addr
    __strtoull.o(.text) refers to rt_ctype_table.o(.text) for __rt_ctype_table
    __strtoull.o(.text) refers to _strtoull.o(.text) for _strtoull
    strtok_int.o(.text) refers to strspn.o(.text) for strspn
    strtok_int.o(.text) refers to strcspn.o(.text) for strcspn
    dnaninf.o(x$fpl$dnaninf) refers (Special) to usenofp.o(x$fpl$usenofp) for __I$use$fp
    dretinf.o(x$fpl$dretinf) refers (Special) to usenofp.o(x$fpl$usenofp) for __I$use$fp
    __rtentry2.o(.ARM.Collect$$rtentry$$00000008) refers to boardinit2.o(.text) for _platform_post_stackheap_init
    __rtentry2.o(.ARM.Collect$$rtentry$$0000000A) refers to libinit.o(.ARM.Collect$$libinit$$00000000) for __rt_lib_init
    __rtentry2.o(.ARM.Collect$$rtentry$$0000000B) refers to boardinit3.o(.text) for _platform_post_lib_init
    __rtentry2.o(.ARM.Collect$$rtentry$$0000000D) refers to main.o(i.main) for main
    __rtentry2.o(.ARM.Collect$$rtentry$$0000000D) refers to exit.o(.text) for exit
    __rtentry2.o(.ARM.exidx) refers to __rtentry2.o(.ARM.Collect$$rtentry$$00000001) for .ARM.Collect$$rtentry$$00000001
    __rtentry2.o(.ARM.exidx) refers to __rtentry2.o(.ARM.Collect$$rtentry$$00000008) for .ARM.Collect$$rtentry$$00000008
    __rtentry2.o(.ARM.exidx) refers to __rtentry2.o(.ARM.Collect$$rtentry$$0000000A) for .ARM.Collect$$rtentry$$0000000A
    __rtentry2.o(.ARM.exidx) refers to __rtentry2.o(.ARM.Collect$$rtentry$$0000000B) for .ARM.Collect$$rtentry$$0000000B
    __rtentry2.o(.ARM.exidx) refers to __rtentry2.o(.ARM.Collect$$rtentry$$0000000D) for .ARM.Collect$$rtentry$$0000000D
    __rtentry4.o(.ARM.Collect$$rtentry$$00000004) refers to sys_stackheap_outer.o(.text) for __user_setup_stackheap
    __rtentry4.o(.ARM.exidx) refers to __rtentry4.o(.ARM.Collect$$rtentry$$00000004) for .ARM.Collect$$rtentry$$00000004
    rt_ctype_table.o(.text) refers to rt_locale_intlibspace.o(.text) for __rt_locale
    rt_ctype_table.o(.text) refers to lc_ctype_c.o(locale$$code) for _get_lc_ctype
    rt_errno_addr.o(.text) refers to rt_errno_addr.o(.bss) for __aeabi_errno_addr_data
    rt_errno_addr_intlibspace.o(.text) refers to libspace.o(.bss) for __libspace_start
    _strtoull.o(.text) refers to _chval.o(.text) for _chval
    _strtoull.o(.text) refers to rt_errno_addr_intlibspace.o(.text) for __aeabi_errno_addr
    libspace.o(.text) refers to libspace.o(.bss) for __libspace_start
    sys_stackheap_outer.o(.text) refers to libspace.o(.text) for __user_perproc_libspace
    sys_stackheap_outer.o(.text) refers to startup_stm32f303xc.o(.text) for __user_initial_stackheap
    rt_locale.o(.text) refers to rt_locale.o(.bss) for __rt_locale_data
    rt_locale_intlibspace.o(.text) refers to libspace.o(.bss) for __libspace_start
    lc_ctype_c.o(locale$$data) refers (Special) to libinit2.o(.ARM.Collect$$libinit$$00000012) for __rt_lib_init_lc_ctype_2
    lc_ctype_c.o(locale$$code) refers (Special) to libinit2.o(.ARM.Collect$$libinit$$00000012) for __rt_lib_init_lc_ctype_2
    lc_ctype_c.o(locale$$code) refers to strcmpv7m.o(.text) for strcmp
    lc_ctype_c.o(locale$$code) refers to lc_ctype_c.o(locale$$data) for __lcctype_c_name
    exit.o(.text) refers to rtexit.o(.ARM.Collect$$rtexit$$00000000) for __rt_exit
    libinit.o(.ARM.Collect$$libinit$$00000000) refers (Special) to libinit2.o(.ARM.Collect$$libinit$$0000002E) for __rt_lib_init_alloca_1
    libinit.o(.ARM.Collect$$libinit$$00000000) refers (Special) to libinit2.o(.ARM.Collect$$libinit$$0000002C) for __rt_lib_init_argv_1
    libinit.o(.ARM.Collect$$libinit$$00000000) refers (Special) to libinit2.o(.ARM.Collect$$libinit$$0000001B) for __rt_lib_init_atexit_1
    libinit.o(.ARM.Collect$$libinit$$00000000) refers (Special) to libinit2.o(.ARM.Collect$$libinit$$00000021) for __rt_lib_init_clock_1
    libinit.o(.ARM.Collect$$libinit$$00000000) refers (Special) to libinit2.o(.ARM.Collect$$libinit$$00000032) for __rt_lib_init_cpp_1
    libinit.o(.ARM.Collect$$libinit$$00000000) refers (Special) to libinit2.o(.ARM.Collect$$libinit$$00000030) for __rt_lib_init_exceptions_1
    libinit.o(.ARM.Collect$$libinit$$00000000) refers (Special) to libinit2.o(.ARM.Collect$$libinit$$00000001) for __rt_lib_init_fp_1
    libinit.o(.ARM.Collect$$libinit$$00000000) refers (Special) to libinit2.o(.ARM.Collect$$libinit$$0000001F) for __rt_lib_init_fp_trap_1
    libinit.o(.ARM.Collect$$libinit$$00000000) refers (Special) to libinit2.o(.ARM.Collect$$libinit$$00000023) for __rt_lib_init_getenv_1
    libinit.o(.ARM.Collect$$libinit$$00000000) refers (Special) to libinit2.o(.ARM.Collect$$libinit$$0000000A) for __rt_lib_init_heap_1
    libinit.o(.ARM.Collect$$libinit$$00000000) refers (Special) to libinit2.o(.ARM.Collect$$libinit$$00000011) for __rt_lib_init_lc_collate_1
    libinit.o(.ARM.Collect$$libinit$$00000000) refers (Special) to libinit2.o(.ARM.Collect$$libinit$$00000013) for __rt_lib_init_lc_ctype_1
    libinit.o(.ARM.Collect$$libinit$$00000000) refers (Special) to libinit2.o(.ARM.Collect$$libinit$$00000015) for __rt_lib_init_lc_monetary_1
    libinit.o(.ARM.Collect$$libinit$$00000000) refers (Special) to libinit2.o(.ARM.Collect$$libinit$$00000017) for __rt_lib_init_lc_numeric_1
    libinit.o(.ARM.Collect$$libinit$$00000000) refers (Special) to libinit2.o(.ARM.Collect$$libinit$$00000019) for __rt_lib_init_lc_time_1
    libinit.o(.ARM.Collect$$libinit$$00000000) refers (Special) to libinit2.o(.ARM.Collect$$libinit$$00000004) for __rt_lib_init_preinit_1
    libinit.o(.ARM.Collect$$libinit$$00000000) refers (Special) to libinit2.o(.ARM.Collect$$libinit$$0000000E) for __rt_lib_init_rand_1
    libinit.o(.ARM.Collect$$libinit$$00000000) refers (Special) to libinit2.o(.ARM.Collect$$libinit$$00000033) for __rt_lib_init_return
    libinit.o(.ARM.Collect$$libinit$$00000000) refers (Special) to libinit2.o(.ARM.Collect$$libinit$$0000001D) for __rt_lib_init_signal_1
    libinit.o(.ARM.Collect$$libinit$$00000000) refers (Special) to libinit2.o(.ARM.Collect$$libinit$$00000025) for __rt_lib_init_stdio_1
    libinit.o(.ARM.Collect$$libinit$$00000000) refers (Special) to libinit2.o(.ARM.Collect$$libinit$$0000000C) for __rt_lib_init_user_alloc_1
    rtexit.o(.ARM.Collect$$rtexit$$00000000) refers (Special) to rtexit2.o(.ARM.Collect$$rtexit$$00000004) for __rt_exit_exit
    rtexit.o(.ARM.Collect$$rtexit$$00000000) refers (Special) to rtexit2.o(.ARM.Collect$$rtexit$$00000003) for __rt_exit_ls
    rtexit.o(.ARM.Collect$$rtexit$$00000000) refers (Special) to rtexit2.o(.ARM.Collect$$rtexit$$00000002) for __rt_exit_prels_1
    rtexit.o(.ARM.exidx) refers (Special) to rtexit2.o(.ARM.Collect$$rtexit$$00000004) for __rt_exit_exit
    rtexit.o(.ARM.exidx) refers (Special) to rtexit2.o(.ARM.Collect$$rtexit$$00000003) for __rt_exit_ls
    rtexit.o(.ARM.exidx) refers (Special) to rtexit2.o(.ARM.Collect$$rtexit$$00000002) for __rt_exit_prels_1
    rtexit.o(.ARM.exidx) refers to rtexit.o(.ARM.Collect$$rtexit$$00000000) for .ARM.Collect$$rtexit$$00000000
    libinit2.o(.ARM.Collect$$libinit$$00000001) refers to fpinit.o(x$fpl$fpinit) for _fp_init
    libinit2.o(.ARM.Collect$$libinit$$0000000F) refers (Weak) to rt_locale_intlibspace.o(.text) for __rt_locale
    libinit2.o(.ARM.Collect$$libinit$$00000010) refers to libinit2.o(.ARM.Collect$$libinit$$0000000F) for .ARM.Collect$$libinit$$0000000F
    libinit2.o(.ARM.Collect$$libinit$$00000012) refers to libinit2.o(.ARM.Collect$$libinit$$0000000F) for .ARM.Collect$$libinit$$0000000F
    libinit2.o(.ARM.Collect$$libinit$$00000012) refers (Weak) to lc_ctype_c.o(locale$$code) for _get_lc_ctype
    libinit2.o(.ARM.Collect$$libinit$$00000014) refers to libinit2.o(.ARM.Collect$$libinit$$0000000F) for .ARM.Collect$$libinit$$0000000F
    libinit2.o(.ARM.Collect$$libinit$$00000016) refers to libinit2.o(.ARM.Collect$$libinit$$0000000F) for .ARM.Collect$$libinit$$0000000F
    libinit2.o(.ARM.Collect$$libinit$$00000018) refers to libinit2.o(.ARM.Collect$$libinit$$0000000F) for .ARM.Collect$$libinit$$0000000F
    libinit2.o(.ARM.Collect$$libinit$$00000026) refers to argv_veneer.o(.emb_text) for __ARM_argv_veneer
    libinit2.o(.ARM.Collect$$libinit$$00000027) refers to argv_veneer.o(.emb_text) for __ARM_argv_veneer
    rtexit2.o(.ARM.Collect$$rtexit$$00000003) refers to libshutdown.o(.ARM.Collect$$libshutdown$$00000000) for __rt_lib_shutdown
    rtexit2.o(.ARM.Collect$$rtexit$$00000004) refers to sys_exit.o(.text) for _sys_exit
    rtexit2.o(.ARM.exidx) refers to rtexit2.o(.ARM.Collect$$rtexit$$00000001) for .ARM.Collect$$rtexit$$00000001
    rtexit2.o(.ARM.exidx) refers to rtexit2.o(.ARM.Collect$$rtexit$$00000003) for .ARM.Collect$$rtexit$$00000003
    rtexit2.o(.ARM.exidx) refers to rtexit2.o(.ARM.Collect$$rtexit$$00000004) for .ARM.Collect$$rtexit$$00000004
    argv_veneer.o(.emb_text) refers to no_argv.o(.text) for __ARM_get_argv
    sys_exit.o(.text) refers (Special) to use_no_semi.o(.text) for __I$use$semihosting
    sys_exit.o(.text) refers (Special) to indicate_semi.o(.text) for __semihosting_library_function
    _get_argv_nomalloc.o(.text) refers (Special) to hrguard.o(.text) for __heap_region$guard
    _get_argv_nomalloc.o(.text) refers to defsig_rtmem_outer.o(.text) for __rt_SIGRTMEM
    _get_argv_nomalloc.o(.text) refers to sys_command.o(.text) for _sys_command_string
    libshutdown.o(.ARM.Collect$$libshutdown$$00000000) refers (Special) to libshutdown2.o(.ARM.Collect$$libshutdown$$00000004) for __rt_lib_shutdown_cpp_1
    libshutdown.o(.ARM.Collect$$libshutdown$$00000000) refers (Special) to libshutdown2.o(.ARM.Collect$$libshutdown$$00000002) for __rt_lib_shutdown_fini_1
    libshutdown.o(.ARM.Collect$$libshutdown$$00000000) refers (Special) to libshutdown2.o(.ARM.Collect$$libshutdown$$00000009) for __rt_lib_shutdown_fp_trap_1
    libshutdown.o(.ARM.Collect$$libshutdown$$00000000) refers (Special) to libshutdown2.o(.ARM.Collect$$libshutdown$$00000011) for __rt_lib_shutdown_heap_1
    libshutdown.o(.ARM.Collect$$libshutdown$$00000000) refers (Special) to libshutdown2.o(.ARM.Collect$$libshutdown$$00000012) for __rt_lib_shutdown_return
    libshutdown.o(.ARM.Collect$$libshutdown$$00000000) refers (Special) to libshutdown2.o(.ARM.Collect$$libshutdown$$0000000C) for __rt_lib_shutdown_signal_1
    libshutdown.o(.ARM.Collect$$libshutdown$$00000000) refers (Special) to libshutdown2.o(.ARM.Collect$$libshutdown$$00000006) for __rt_lib_shutdown_stdio_1
    libshutdown.o(.ARM.Collect$$libshutdown$$00000000) refers (Special) to libshutdown2.o(.ARM.Collect$$libshutdown$$0000000E) for __rt_lib_shutdown_user_alloc_1
    sys_command.o(.text) refers (Special) to use_no_semi.o(.text) for __I$use$semihosting
    sys_command.o(.text) refers (Special) to indicate_semi.o(.text) for __semihosting_library_function
    defsig_rtmem_outer.o(.text) refers to defsig_rtmem_inner.o(.text) for __rt_SIGRTMEM_inner
    defsig_rtmem_outer.o(.text) refers to defsig_exit.o(.text) for __sig_exit
    defsig_rtmem_formal.o(.text) refers to rt_raise.o(.text) for __rt_raise
    rt_raise.o(.text) refers to __raise.o(.text) for __raise
    rt_raise.o(.text) refers to sys_exit.o(.text) for _sys_exit
    defsig_exit.o(.text) refers to sys_exit.o(.text) for _sys_exit
    defsig_rtmem_inner.o(.text) refers to defsig_general.o(.text) for __default_signal_display
    __raise.o(.text) refers to defsig.o(CL$$defsig) for __default_signal_handler
    defsig_general.o(.text) refers to sys_wrch.o(.text) for _ttywrch
    sys_wrch.o(.text) refers (Special) to use_no_semi.o(.text) for __I$use$semihosting
    sys_wrch.o(.text) refers (Special) to indicate_semi.o(.text) for __semihosting_library_function
    defsig.o(CL$$defsig) refers to defsig_rtmem_inner.o(.text) for __rt_SIGRTMEM_inner
    defsig_abrt_inner.o(.text) refers to defsig_general.o(.text) for __default_signal_display
    defsig_fpe_inner.o(.text) refers to defsig_general.o(.text) for __default_signal_display
    defsig_rtred_inner.o(.text) refers to defsig_general.o(.text) for __default_signal_display
    defsig_stak_inner.o(.text) refers to defsig_general.o(.text) for __default_signal_display
    defsig_pvfn_inner.o(.text) refers to defsig_general.o(.text) for __default_signal_display
    defsig_cppl_inner.o(.text) refers to defsig_general.o(.text) for __default_signal_display
    defsig_segv_inner.o(.text) refers to defsig_general.o(.text) for __default_signal_display
    defsig_other.o(.text) refers to defsig_general.o(.text) for __default_signal_display


==============================================================================

Removing Unused input sections from the image.

    Removing main.o(.rev16_text), (4 bytes).
    Removing main.o(.revsh_text), (4 bytes).
    Removing main.o(.rrx_text), (6 bytes).
    Removing main.o(.bss), (64 bytes).
    Removing drivers.o(.rev16_text), (4 bytes).
    Removing drivers.o(.revsh_text), (4 bytes).
    Removing drivers.o(.rrx_text), (6 bytes).
    Removing system_stm32f3xx.o(.rev16_text), (4 bytes).
    Removing system_stm32f3xx.o(.revsh_text), (4 bytes).
    Removing system_stm32f3xx.o(.rrx_text), (6 bytes).

10 unused section(s) (total 106 bytes) removed from the image.

==============================================================================

Image Symbol Table

    Local Symbols

    Symbol Name                              Value     Ov Type        Size  Object(Section)

    ../clib/angel/boardlib.s                 0x00000000   Number         0  boardinit1.o ABSOLUTE
    ../clib/angel/boardlib.s                 0x00000000   Number         0  boardinit2.o ABSOLUTE
    ../clib/angel/boardlib.s                 0x00000000   Number         0  boardshut.o ABSOLUTE
    ../clib/angel/boardlib.s                 0x00000000   Number         0  boardinit3.o ABSOLUTE
    ../clib/angel/handlers.s                 0x00000000   Number         0  __scatter_copy.o ABSOLUTE
    ../clib/angel/handlers.s                 0x00000000   Number         0  __scatter_zi.o ABSOLUTE
    ../clib/angel/kernel.s                   0x00000000   Number         0  __rtentry.o ABSOLUTE
    ../clib/angel/kernel.s                   0x00000000   Number         0  __rtentry4.o ABSOLUTE
    ../clib/angel/kernel.s                   0x00000000   Number         0  __rtentry2.o ABSOLUTE
    ../clib/angel/kernel.s                   0x00000000   Number         0  rtexit2.o ABSOLUTE
    ../clib/angel/kernel.s                   0x00000000   Number         0  rtexit.o ABSOLUTE
    ../clib/angel/rt.s                       0x00000000   Number         0  rt_locale.o ABSOLUTE
    ../clib/angel/rt.s                       0x00000000   Number         0  rt_locale_intlibspace.o ABSOLUTE
    ../clib/angel/rt.s                       0x00000000   Number         0  rt_errno_addr_intlibspace.o ABSOLUTE
    ../clib/angel/rt.s                       0x00000000   Number         0  rt_raise.o ABSOLUTE
    ../clib/angel/rt.s                       0x00000000   Number         0  rt_errno_addr.o ABSOLUTE
    ../clib/angel/rt.s                       0x00000000   Number         0  rt_ctype_table.o ABSOLUTE
    ../clib/angel/scatter.s                  0x00000000   Number         0  __scatter.o ABSOLUTE
    ../clib/angel/startup.s                  0x00000000   Number         0  __main.o ABSOLUTE
    ../clib/angel/sys.s                      0x00000000   Number         0  indicate_semi.o ABSOLUTE
    ../clib/angel/sys.s                      0x00000000   Number         0  use_no_semi.o ABSOLUTE
    ../clib/angel/sys.s                      0x00000000   Number         0  sys_stackheap_outer.o ABSOLUTE
    ../clib/angel/sys.s                      0x00000000   Number         0  libspace.o ABSOLUTE
    ../clib/angel/sysapp.c                   0x00000000   Number         0  sys_command.o ABSOLUTE
    ../clib/angel/sysapp.c                   0x00000000   Number         0  sys_exit.o ABSOLUTE
    ../clib/angel/sysapp.c                   0x00000000   Number         0  sys_wrch.o ABSOLUTE
    ../clib/armsys.c                         0x00000000   Number         0  argv_veneer.o ABSOLUTE
    ../clib/armsys.c                         0x00000000   Number         0  argv_veneer.o ABSOLUTE
    ../clib/armsys.c                         0x00000000   Number         0  _get_argv_nomalloc.o ABSOLUTE
    ../clib/armsys.c                         0x00000000   Number         0  no_argv.o ABSOLUTE
    ../clib/heapalloc.c                      0x00000000   Number         0  hrguard.o ABSOLUTE
    ../clib/heapaux.c                        0x00000000   Number         0  heapauxi.o ABSOLUTE
    ../clib/libinit.s                        0x00000000   Number         0  libshutdown.o ABSOLUTE
    ../clib/libinit.s                        0x00000000   Number         0  libinit.o ABSOLUTE
    ../clib/libinit.s                        0x00000000   Number         0  libinit2.o ABSOLUTE
    ../clib/libinit.s                        0x00000000   Number         0  libshutdown2.o ABSOLUTE
    ../clib/locale.s                         0x00000000   Number         0  lc_ctype_c.o ABSOLUTE
    ../clib/memcpset.s                       0x00000000   Number         0  strcmpv7m.o ABSOLUTE
    ../clib/misc.s                           0x00000000   Number         0  printf_stubs.o ABSOLUTE
    ../clib/printf.c                         0x00000000   Number         0  __printf_flags_wp.o ABSOLUTE
    ../clib/printf.c                         0x00000000   Number         0  __printf_ss_wp.o ABSOLUTE
    ../clib/printf.c                         0x00000000   Number         0  __printf_flags_ss_wp.o ABSOLUTE
    ../clib/printf.c                         0x00000000   Number         0  _printf_intcommon.o ABSOLUTE
    ../clib/printf.c                         0x00000000   Number         0  _printf_char_common.o ABSOLUTE
    ../clib/printf.c                         0x00000000   Number         0  _sputc.o ABSOLUTE
    ../clib/printf.c                         0x00000000   Number         0  _printf_hex_int_ll_ptr.o ABSOLUTE
    ../clib/printf.c                         0x00000000   Number         0  __2sprintf.o ABSOLUTE
    ../clib/printf.c                         0x00000000   Number         0  noretval__2sprintf.o ABSOLUTE
    ../clib/printf.c                         0x00000000   Number         0  __printf.o ABSOLUTE
    ../clib/printf.c                         0x00000000   Number         0  _printf_pad.o ABSOLUTE
    ../clib/printf.c                         0x00000000   Number         0  _printf_dec.o ABSOLUTE
    ../clib/printf.c                         0x00000000   Number         0  _printf_hex_ll.o ABSOLUTE
    ../clib/printf.c                         0x00000000   Number         0  _printf_hex_int.o ABSOLUTE
    ../clib/printf.c                         0x00000000   Number         0  _printf_hex_int_ll.o ABSOLUTE
    ../clib/printf.c                         0x00000000   Number         0  _printf_hex_ptr.o ABSOLUTE
    ../clib/printf.c                         0x00000000   Number         0  _printf_hex_int_ptr.o ABSOLUTE
    ../clib/printf.c                         0x00000000   Number         0  _printf_hex_ll_ptr.o ABSOLUTE
    ../clib/printf.c                         0x00000000   Number         0  __printf_nopercent.o ABSOLUTE
    ../clib/printf.c                         0x00000000   Number         0  __printf_flags.o ABSOLUTE
    ../clib/printf.c                         0x00000000   Number         0  __printf_ss.o ABSOLUTE
    ../clib/printf.c                         0x00000000   Number         0  __printf_flags_ss.o ABSOLUTE
    ../clib/printf.c                         0x00000000   Number         0  __printf_wp.o ABSOLUTE
    ../clib/printf_percent.s                 0x00000000   Number         0  _printf_percent.o ABSOLUTE
    ../clib/printf_percent.s                 0x00000000   Number         0  _printf_percent_end.o ABSOLUTE
    ../clib/printf_percent.s                 0x00000000   Number         0  _printf_x.o ABSOLUTE
    ../clib/printf_percent.s                 0x00000000   Number         0  _printf_d.o ABSOLUTE
    ../clib/scanf.c                          0x00000000   Number         0  _strtoull.o ABSOLUTE
    ../clib/scanf.c                          0x00000000   Number         0  __strtoll.o ABSOLUTE
    ../clib/scanf.c                          0x00000000   Number         0  _chval.o ABSOLUTE
    ../clib/scanf.c                          0x00000000   Number         0  __strtoull.o ABSOLUTE
    ../clib/scanf.c                          0x00000000   Number         0  strtoll.o ABSOLUTE
    ../clib/scanf.c                          0x00000000   Number         0  strtoull.o ABSOLUTE
    ../clib/signal.c                         0x00000000   Number         0  defsig_fpe_inner.o ABSOLUTE
    ../clib/signal.c                         0x00000000   Number         0  defsig_abrt_inner.o ABSOLUTE
    ../clib/signal.c                         0x00000000   Number         0  defsig_rtred_inner.o ABSOLUTE
    ../clib/signal.c                         0x00000000   Number         0  defsig_rtmem_outer.o ABSOLUTE
    ../clib/signal.c                         0x00000000   Number         0  defsig_exit.o ABSOLUTE
    ../clib/signal.c                         0x00000000   Number         0  __raise.o ABSOLUTE
    ../clib/signal.c                         0x00000000   Number         0  defsig_general.o ABSOLUTE
    ../clib/signal.c                         0x00000000   Number         0  defsig_pvfn_inner.o ABSOLUTE
    ../clib/signal.c                         0x00000000   Number         0  defsig_cppl_inner.o ABSOLUTE
    ../clib/signal.c                         0x00000000   Number         0  defsig_segv_inner.o ABSOLUTE
    ../clib/signal.c                         0x00000000   Number         0  defsig_stak_inner.o ABSOLUTE
    ../clib/signal.c                         0x00000000   Number         0  defsig_other.o ABSOLUTE
    ../clib/signal.c                         0x00000000   Number         0  defsig_rtmem_inner.o ABSOLUTE
    ../clib/signal.c                         0x00000000   Number         0  defsig_rtmem_formal.o ABSOLUTE
    ../clib/signal.s                         0x00000000   Number         0  defsig.o ABSOLUTE
    ../clib/stdlib.c                         0x00000000   Number         0  exit.o ABSOLUTE
    ../clib/string.c                         0x00000000   Number         0  strtok.o ABSOLUTE
    ../clib/string.c                         0x00000000   Number         0  strcpy.o ABSOLUTE
    ../clib/string.c                         0x00000000   Number         0  strcat.o ABSOLUTE
    ../clib/string.c                         0x00000000   Number         0  strtok_int.o ABSOLUTE
    ../clib/string.c                         0x00000000   Number         0  strspn.o ABSOLUTE
    ../clib/string.c                         0x00000000   Number         0  strcspn.o ABSOLUTE
    ../fplib/dfixu.s                         0x00000000   Number         0  dfixu.o ABSOLUTE
    ../fplib/dflt.s                          0x00000000   Number         0  dflt_clz.o ABSOLUTE
    ../fplib/dmul.s                          0x00000000   Number         0  dmul.o ABSOLUTE
    ../fplib/dnaninf.s                       0x00000000   Number         0  dnaninf.o ABSOLUTE
    ../fplib/dretinf.s                       0x00000000   Number         0  dretinf.o ABSOLUTE
    ../fplib/fpinit.s                        0x00000000   Number         0  fpinit.o ABSOLUTE
    ../fplib/usenofp.s                       0x00000000   Number         0  usenofp.o ABSOLUTE
    RTE\Device\STM32F303VCTx\startup_stm32f303xc.s 0x00000000   Number         0  startup_stm32f303xc.o ABSOLUTE
    RTE\Device\STM32F303VCTx\system_stm32f3xx.c 0x00000000   Number         0  system_stm32f3xx.o ABSOLUTE
    RTE\\Device\\STM32F303VCTx\\system_stm32f3xx.c 0x00000000   Number         0  system_stm32f3xx.o ABSOLUTE
    dc.s                                     0x00000000   Number         0  dc.o ABSOLUTE
    drivers.c                                0x00000000   Number         0  drivers.o ABSOLUTE
    drivers.c                                0x00000000   Number         0  drivers.o ABSOLUTE
    main.c                                   0x00000000   Number         0  main.o ABSOLUTE
    main.c                                   0x00000000   Number         0  main.o ABSOLUTE
    register.s                               0x00000000   Number         0  register.o ABSOLUTE
    RESET                                    0x08000000   Section      392  startup_stm32f303xc.o(RESET)
    !!!main                                  0x08000188   Section        8  __main.o(!!!main)
    !!!scatter                               0x08000190   Section       52  __scatter.o(!!!scatter)
    !!handler_copy                           0x080001c4   Section       26  __scatter_copy.o(!!handler_copy)
    !!handler_zi                             0x080001e0   Section       28  __scatter_zi.o(!!handler_zi)
    .ARM.Collect$$_printf_percent$$00000000  0x080001fc   Section        0  _printf_percent.o(.ARM.Collect$$_printf_percent$$00000000)
    .ARM.Collect$$_printf_percent$$00000009  0x080001fc   Section        6  _printf_d.o(.ARM.Collect$$_printf_percent$$00000009)
    .ARM.Collect$$_printf_percent$$0000000C  0x08000202   Section        6  _printf_x.o(.ARM.Collect$$_printf_percent$$0000000C)
    .ARM.Collect$$_printf_percent$$00000017  0x08000208   Section        4  _printf_percent_end.o(.ARM.Collect$$_printf_percent$$00000017)
    .ARM.Collect$$libinit$$00000000          0x0800020c   Section        2  libinit.o(.ARM.Collect$$libinit$$00000000)
    .ARM.Collect$$libinit$$00000001          0x0800020e   Section        4  libinit2.o(.ARM.Collect$$libinit$$00000001)
    .ARM.Collect$$libinit$$00000004          0x08000212   Section        0  libinit2.o(.ARM.Collect$$libinit$$00000004)
    .ARM.Collect$$libinit$$0000000A          0x08000212   Section        0  libinit2.o(.ARM.Collect$$libinit$$0000000A)
    .ARM.Collect$$libinit$$0000000C          0x08000212   Section        0  libinit2.o(.ARM.Collect$$libinit$$0000000C)
    .ARM.Collect$$libinit$$0000000E          0x08000212   Section        0  libinit2.o(.ARM.Collect$$libinit$$0000000E)
    .ARM.Collect$$libinit$$0000000F          0x08000212   Section        6  libinit2.o(.ARM.Collect$$libinit$$0000000F)
    .ARM.Collect$$libinit$$00000011          0x08000218   Section        0  libinit2.o(.ARM.Collect$$libinit$$00000011)
    .ARM.Collect$$libinit$$00000012          0x08000218   Section       12  libinit2.o(.ARM.Collect$$libinit$$00000012)
    .ARM.Collect$$libinit$$00000013          0x08000224   Section        0  libinit2.o(.ARM.Collect$$libinit$$00000013)
    .ARM.Collect$$libinit$$00000015          0x08000224   Section        0  libinit2.o(.ARM.Collect$$libinit$$00000015)
    .ARM.Collect$$libinit$$00000017          0x08000224   Section        0  libinit2.o(.ARM.Collect$$libinit$$00000017)
    .ARM.Collect$$libinit$$00000019          0x08000224   Section        0  libinit2.o(.ARM.Collect$$libinit$$00000019)
    .ARM.Collect$$libinit$$0000001B          0x08000224   Section        0  libinit2.o(.ARM.Collect$$libinit$$0000001B)
    .ARM.Collect$$libinit$$0000001D          0x08000224   Section        0  libinit2.o(.ARM.Collect$$libinit$$0000001D)
    .ARM.Collect$$libinit$$0000001F          0x08000224   Section        0  libinit2.o(.ARM.Collect$$libinit$$0000001F)
    .ARM.Collect$$libinit$$00000021          0x08000224   Section        0  libinit2.o(.ARM.Collect$$libinit$$00000021)
    .ARM.Collect$$libinit$$00000023          0x08000224   Section        0  libinit2.o(.ARM.Collect$$libinit$$00000023)
    .ARM.Collect$$libinit$$00000025          0x08000224   Section        0  libinit2.o(.ARM.Collect$$libinit$$00000025)
    .ARM.Collect$$libinit$$0000002C          0x08000224   Section        0  libinit2.o(.ARM.Collect$$libinit$$0000002C)
    .ARM.Collect$$libinit$$0000002E          0x08000224   Section        0  libinit2.o(.ARM.Collect$$libinit$$0000002E)
    .ARM.Collect$$libinit$$00000030          0x08000224   Section        0  libinit2.o(.ARM.Collect$$libinit$$00000030)
    .ARM.Collect$$libinit$$00000032          0x08000224   Section        0  libinit2.o(.ARM.Collect$$libinit$$00000032)
    .ARM.Collect$$libinit$$00000033          0x08000224   Section        2  libinit2.o(.ARM.Collect$$libinit$$00000033)
    .ARM.Collect$$libshutdown$$00000000      0x08000226   Section        2  libshutdown.o(.ARM.Collect$$libshutdown$$00000000)
    .ARM.Collect$$libshutdown$$00000002      0x08000228   Section        0  libshutdown2.o(.ARM.Collect$$libshutdown$$00000002)
    .ARM.Collect$$libshutdown$$00000004      0x08000228   Section        0  libshutdown2.o(.ARM.Collect$$libshutdown$$00000004)
    .ARM.Collect$$libshutdown$$00000006      0x08000228   Section        0  libshutdown2.o(.ARM.Collect$$libshutdown$$00000006)
    .ARM.Collect$$libshutdown$$00000009      0x08000228   Section        0  libshutdown2.o(.ARM.Collect$$libshutdown$$00000009)
    .ARM.Collect$$libshutdown$$0000000C      0x08000228   Section        0  libshutdown2.o(.ARM.Collect$$libshutdown$$0000000C)
    .ARM.Collect$$libshutdown$$0000000E      0x08000228   Section        0  libshutdown2.o(.ARM.Collect$$libshutdown$$0000000E)
    .ARM.Collect$$libshutdown$$00000011      0x08000228   Section        0  libshutdown2.o(.ARM.Collect$$libshutdown$$00000011)
    .ARM.Collect$$libshutdown$$00000012      0x08000228   Section        2  libshutdown2.o(.ARM.Collect$$libshutdown$$00000012)
    .ARM.Collect$$rtentry$$00000000          0x0800022a   Section        0  __rtentry.o(.ARM.Collect$$rtentry$$00000000)
    .ARM.Collect$$rtentry$$00000002          0x0800022a   Section        0  __rtentry2.o(.ARM.Collect$$rtentry$$00000002)
    .ARM.Collect$$rtentry$$00000004          0x0800022a   Section        6  __rtentry4.o(.ARM.Collect$$rtentry$$00000004)
    .ARM.Collect$$rtentry$$00000009          0x08000230   Section        0  __rtentry2.o(.ARM.Collect$$rtentry$$00000009)
    .ARM.Collect$$rtentry$$0000000A          0x08000230   Section        4  __rtentry2.o(.ARM.Collect$$rtentry$$0000000A)
    .ARM.Collect$$rtentry$$0000000C          0x08000234   Section        0  __rtentry2.o(.ARM.Collect$$rtentry$$0000000C)
    .ARM.Collect$$rtentry$$0000000D          0x08000234   Section        8  __rtentry2.o(.ARM.Collect$$rtentry$$0000000D)
    .ARM.Collect$$rtexit$$00000000           0x0800023c   Section        2  rtexit.o(.ARM.Collect$$rtexit$$00000000)
    .ARM.Collect$$rtexit$$00000002           0x0800023e   Section        0  rtexit2.o(.ARM.Collect$$rtexit$$00000002)
    .ARM.Collect$$rtexit$$00000003           0x0800023e   Section        4  rtexit2.o(.ARM.Collect$$rtexit$$00000003)
    .ARM.Collect$$rtexit$$00000004           0x08000242   Section        6  rtexit2.o(.ARM.Collect$$rtexit$$00000004)
    .text                                    0x08000248   Section      276  register.o(.text)
    $v0                                      0x08000248   Number         0  register.o(.text)
    .text                                    0x0800035c   Section       64  startup_stm32f303xc.o(.text)
    $v0                                      0x0800035c   Number         0  startup_stm32f303xc.o(.text)
    .text                                    0x0800039c   Section        0  noretval__2sprintf.o(.text)
    .text                                    0x080003c4   Section        0  _printf_pad.o(.text)
    .text                                    0x08000414   Section        0  _printf_dec.o(.text)
    .text                                    0x0800048c   Section        0  _printf_hex_int.o(.text)
    .text                                    0x080004e4   Section        0  __printf_flags_wp.o(.text)
    .text                                    0x0800061c   Section        0  strtoll.o(.text)
    .text                                    0x08000620   Section        0  strtoull.o(.text)
    .text                                    0x08000624   Section        0  strtok.o(.text)
    .text                                    0x08000630   Section        0  strcpy.o(.text)
    .text                                    0x08000678   Section        0  strcat.o(.text)
    .text                                    0x08000690   Section      128  strcmpv7m.o(.text)
    .text                                    0x08000710   Section        0  heapauxi.o(.text)
    .text                                    0x08000716   Section        0  _printf_intcommon.o(.text)
    .text                                    0x080007c8   Section        0  _printf_char_common.o(.text)
    _printf_input_char                       0x080007c9   Thumb Code    10  _printf_char_common.o(.text)
    .text                                    0x080007f8   Section        0  _sputc.o(.text)
    .text                                    0x08000802   Section        0  __strtoll.o(.text)
    .text                                    0x08000892   Section        0  __strtoull.o(.text)
    .text                                    0x08000910   Section        0  strtok_int.o(.text)
    .text                                    0x08000954   Section       16  rt_ctype_table.o(.text)
    .text                                    0x08000964   Section        8  rt_errno_addr_intlibspace.o(.text)
    .text                                    0x0800096c   Section        0  _strtoull.o(.text)
    .text                                    0x08000a2e   Section        0  strcspn.o(.text)
    .text                                    0x08000a4e   Section        0  strspn.o(.text)
    .text                                    0x08000a6c   Section        8  libspace.o(.text)
    .text                                    0x08000a74   Section       74  sys_stackheap_outer.o(.text)
    .text                                    0x08000ac0   Section        8  rt_locale_intlibspace.o(.text)
    .text                                    0x08000ac8   Section        0  _chval.o(.text)
    .text                                    0x08000ae4   Section        0  exit.o(.text)
    .text                                    0x08000af8   Section        0  sys_exit.o(.text)
    .text                                    0x08000b04   Section        2  use_no_semi.o(.text)
    .text                                    0x08000b06   Section        0  indicate_semi.o(.text)
    i.PWM_Init                               0x08000b08   Section        0  drivers.o(i.PWM_Init)
    i.Rd_get                                 0x08000be4   Section        0  drivers.o(i.Rd_get)
    i.Read_uart                              0x08000c64   Section        0  drivers.o(i.Read_uart)
    i.SystemCoreClockUpdate                  0x08000cc0   Section        0  system_stm32f3xx.o(i.SystemCoreClockUpdate)
    i.SystemInit                             0x08000d60   Section        0  system_stm32f3xx.o(i.SystemInit)
    i.USART1_IRQHandler                      0x08000ddc   Section        0  drivers.o(i.USART1_IRQHandler)
    i.USART1_config                          0x08000e78   Section        0  drivers.o(i.USART1_config)
    i.USART1_putString                       0x08000f18   Section        0  drivers.o(i.USART1_putString)
    i.USART1_send                            0x08000f30   Section        0  drivers.o(i.USART1_send)
    i._is_digit                              0x08000f4c   Section        0  __printf_wp.o(i._is_digit)
    i.clear                                  0x08000f5c   Section        0  drivers.o(i.clear)
    i.clk_config                             0x08000f70   Section        0  drivers.o(i.clk_config)
    i.help                                   0x08000fd0   Section        0  drivers.o(i.help)
    i.main                                   0x0800109c   Section        0  main.o(i.main)
    i.opciones                               0x08001294   Section        0  drivers.o(i.opciones)
    locale$$code                             0x080017dc   Section       44  lc_ctype_c.o(locale$$code)
    x$fpl$dfixu                              0x08001808   Section       90  dfixu.o(x$fpl$dfixu)
    $v0                                      0x08001808   Number         0  dfixu.o(x$fpl$dfixu)
    x$fpl$dfltu                              0x08001862   Section       38  dflt_clz.o(x$fpl$dfltu)
    $v0                                      0x08001862   Number         0  dflt_clz.o(x$fpl$dfltu)
    x$fpl$dmul                               0x08001888   Section      340  dmul.o(x$fpl$dmul)
    $v0                                      0x08001888   Number         0  dmul.o(x$fpl$dmul)
    x$fpl$dnaninf                            0x080019dc   Section      156  dnaninf.o(x$fpl$dnaninf)
    $v0                                      0x080019dc   Number         0  dnaninf.o(x$fpl$dnaninf)
    x$fpl$dretinf                            0x08001a78   Section       12  dretinf.o(x$fpl$dretinf)
    $v0                                      0x08001a78   Number         0  dretinf.o(x$fpl$dretinf)
    x$fpl$fpinit                             0x08001a84   Section       10  fpinit.o(x$fpl$fpinit)
    $v0                                      0x08001a84   Number         0  fpinit.o(x$fpl$fpinit)
    .constdata                               0x08001a8e   Section       24  system_stm32f3xx.o(.constdata)
    x$fpl$usenofp                            0x08001a8e   Section        0  usenofp.o(x$fpl$usenofp)
    .constdata                               0x08001aa6   Section       40  _printf_hex_int.o(.constdata)
    uc_hextab                                0x08001aa6   Data          20  _printf_hex_int.o(.constdata)
    lc_hextab                                0x08001aba   Data          20  _printf_hex_int.o(.constdata)
    .constdata                               0x08001ace   Section       17  __printf_flags_wp.o(.constdata)
    maptable                                 0x08001ace   Data          17  __printf_flags_wp.o(.constdata)
    .conststring                             0x08001ae0   Section      156  main.o(.conststring)
    .conststring                             0x08001b7c   Section     2494  drivers.o(.conststring)
    locale$$data                             0x0800255c   Section      272  lc_ctype_c.o(locale$$data)
    __lcctype_c_name                         0x08002560   Data           2  lc_ctype_c.o(locale$$data)
    __lcctype_c_start                        0x08002568   Data           0  lc_ctype_c.o(locale$$data)
    __lcctype_c_end                          0x0800266c   Data           0  lc_ctype_c.o(locale$$data)
    .data                                    0x20000000   Section       88  drivers.o(.data)
    .data                                    0x20000058   Section        4  system_stm32f3xx.o(.data)
    .data                                    0x2000005c   Section        4  strtok.o(.data)
    _strtok_saves1                           0x2000005c   Data           4  strtok.o(.data)
    .bss                                     0x20000060   Section      368  drivers.o(.bss)
    .bss                                     0x200001d0   Section       96  libspace.o(.bss)
    HEAP                                     0x20000230   Section      512  startup_stm32f303xc.o(HEAP)
    Heap_Mem                                 0x20000230   Data         512  startup_stm32f303xc.o(HEAP)
    STACK                                    0x20000430   Section     1024  startup_stm32f303xc.o(STACK)
    Stack_Mem                                0x20000430   Data        1024  startup_stm32f303xc.o(STACK)
    __initial_sp                             0x20000830   Data           0  startup_stm32f303xc.o(STACK)

    Global Symbols

    Symbol Name                              Value     Ov Type        Size  Object(Section)

    BuildAttributes$$THM_ISAv4$E$P$D$K$B$S$7EM$VFPi3$EXTD16$VFPS$VFMA$PE$A:L22UL41UL21$X:L11$S22US41US21$IEEE1$IW$USESV6$~STKCKD$USESV7$~SHL$OSPACE$ROPI$EBA8$UX$STANDARDLIB$REQ8$PRES8$EABIv2 0x00000000   Number         0  anon$$obj.o ABSOLUTE
    __ARM_use_no_argv                        0x00000000   Number         0  main.o ABSOLUTE
    _printf_flags                            0x00000000   Number         0  printf_stubs.o ABSOLUTE
    _printf_return_value                     0x00000000   Number         0  printf_stubs.o ABSOLUTE
    _printf_sizespec                         0x00000000   Number         0  printf_stubs.o ABSOLUTE
    _printf_widthprec                        0x00000000   Number         0  printf_stubs.o ABSOLUTE
    __ARM_exceptions_init                     - Undefined Weak Reference
    __alloca_initialize                       - Undefined Weak Reference
    __arm_fini_                               - Undefined Weak Reference
    __arm_preinit_                            - Undefined Weak Reference
    __cpp_initialize__aeabi_                  - Undefined Weak Reference
    __cxa_finalize                            - Undefined Weak Reference
    __sigvec_lookup                           - Undefined Weak Reference
    _atexit_init                              - Undefined Weak Reference
    _call_atexit_fns                          - Undefined Weak Reference
    _clock_init                               - Undefined Weak Reference
    _fp_trap_init                             - Undefined Weak Reference
    _fp_trap_shutdown                         - Undefined Weak Reference
    _get_lc_collate                           - Undefined Weak Reference
    _get_lc_monetary                          - Undefined Weak Reference
    _get_lc_numeric                           - Undefined Weak Reference
    _get_lc_time                              - Undefined Weak Reference
    _getenv_init                              - Undefined Weak Reference
    _handle_redirection                       - Undefined Weak Reference
    _init_alloc                               - Undefined Weak Reference
    _init_user_alloc                          - Undefined Weak Reference
    _initio                                   - Undefined Weak Reference
    _printf_truncate_signed                   - Undefined Weak Reference
    _printf_truncate_unsigned                 - Undefined Weak Reference
    _rand_init                                - Undefined Weak Reference
    _signal_finish                            - Undefined Weak Reference
    _signal_init                              - Undefined Weak Reference
    _terminate_alloc                          - Undefined Weak Reference
    _terminate_user_alloc                     - Undefined Weak Reference
    _terminateio                              - Undefined Weak Reference
    __Vectors_Size                           0x00000188   Number         0  startup_stm32f303xc.o ABSOLUTE
    __Vectors                                0x08000000   Data           4  startup_stm32f303xc.o(RESET)
    __Vectors_End                            0x08000188   Data           0  startup_stm32f303xc.o(RESET)
    __main                                   0x08000189   Thumb Code     8  __main.o(!!!main)
    __scatterload                            0x08000191   Thumb Code     0  __scatter.o(!!!scatter)
    __scatterload_rt2                        0x08000191   Thumb Code    44  __scatter.o(!!!scatter)
    __scatterload_rt2_thumb_only             0x08000191   Thumb Code     0  __scatter.o(!!!scatter)
    __scatterload_null                       0x0800019f   Thumb Code     0  __scatter.o(!!!scatter)
    __scatterload_copy                       0x080001c5   Thumb Code    26  __scatter_copy.o(!!handler_copy)
    __scatterload_zeroinit                   0x080001e1   Thumb Code    28  __scatter_zi.o(!!handler_zi)
    _printf_d                                0x080001fd   Thumb Code     0  _printf_d.o(.ARM.Collect$$_printf_percent$$00000009)
    _printf_percent                          0x080001fd   Thumb Code     0  _printf_percent.o(.ARM.Collect$$_printf_percent$$00000000)
    _printf_x                                0x08000203   Thumb Code     0  _printf_x.o(.ARM.Collect$$_printf_percent$$0000000C)
    _printf_percent_end                      0x08000209   Thumb Code     0  _printf_percent_end.o(.ARM.Collect$$_printf_percent$$00000017)
    __rt_lib_init                            0x0800020d   Thumb Code     0  libinit.o(.ARM.Collect$$libinit$$00000000)
    __rt_lib_init_fp_1                       0x0800020f   Thumb Code     0  libinit2.o(.ARM.Collect$$libinit$$00000001)
    __rt_lib_init_heap_1                     0x08000213   Thumb Code     0  libinit2.o(.ARM.Collect$$libinit$$0000000A)
    __rt_lib_init_lc_common                  0x08000213   Thumb Code     0  libinit2.o(.ARM.Collect$$libinit$$0000000F)
    __rt_lib_init_preinit_1                  0x08000213   Thumb Code     0  libinit2.o(.ARM.Collect$$libinit$$00000004)
    __rt_lib_init_rand_1                     0x08000213   Thumb Code     0  libinit2.o(.ARM.Collect$$libinit$$0000000E)
    __rt_lib_init_user_alloc_1               0x08000213   Thumb Code     0  libinit2.o(.ARM.Collect$$libinit$$0000000C)
    __rt_lib_init_lc_collate_1               0x08000219   Thumb Code     0  libinit2.o(.ARM.Collect$$libinit$$00000011)
    __rt_lib_init_lc_ctype_2                 0x08000219   Thumb Code     0  libinit2.o(.ARM.Collect$$libinit$$00000012)
    __rt_lib_init_alloca_1                   0x08000225   Thumb Code     0  libinit2.o(.ARM.Collect$$libinit$$0000002E)
    __rt_lib_init_argv_1                     0x08000225   Thumb Code     0  libinit2.o(.ARM.Collect$$libinit$$0000002C)
    __rt_lib_init_atexit_1                   0x08000225   Thumb Code     0  libinit2.o(.ARM.Collect$$libinit$$0000001B)
    __rt_lib_init_clock_1                    0x08000225   Thumb Code     0  libinit2.o(.ARM.Collect$$libinit$$00000021)
    __rt_lib_init_cpp_1                      0x08000225   Thumb Code     0  libinit2.o(.ARM.Collect$$libinit$$00000032)
    __rt_lib_init_exceptions_1               0x08000225   Thumb Code     0  libinit2.o(.ARM.Collect$$libinit$$00000030)
    __rt_lib_init_fp_trap_1                  0x08000225   Thumb Code     0  libinit2.o(.ARM.Collect$$libinit$$0000001F)
    __rt_lib_init_getenv_1                   0x08000225   Thumb Code     0  libinit2.o(.ARM.Collect$$libinit$$00000023)
    __rt_lib_init_lc_ctype_1                 0x08000225   Thumb Code     0  libinit2.o(.ARM.Collect$$libinit$$00000013)
    __rt_lib_init_lc_monetary_1              0x08000225   Thumb Code     0  libinit2.o(.ARM.Collect$$libinit$$00000015)
    __rt_lib_init_lc_numeric_1               0x08000225   Thumb Code     0  libinit2.o(.ARM.Collect$$libinit$$00000017)
    __rt_lib_init_lc_time_1                  0x08000225   Thumb Code     0  libinit2.o(.ARM.Collect$$libinit$$00000019)
    __rt_lib_init_return                     0x08000225   Thumb Code     0  libinit2.o(.ARM.Collect$$libinit$$00000033)
    __rt_lib_init_signal_1                   0x08000225   Thumb Code     0  libinit2.o(.ARM.Collect$$libinit$$0000001D)
    __rt_lib_init_stdio_1                    0x08000225   Thumb Code     0  libinit2.o(.ARM.Collect$$libinit$$00000025)
    __rt_lib_shutdown                        0x08000227   Thumb Code     0  libshutdown.o(.ARM.Collect$$libshutdown$$00000000)
    __rt_lib_shutdown_cpp_1                  0x08000229   Thumb Code     0  libshutdown2.o(.ARM.Collect$$libshutdown$$00000004)
    __rt_lib_shutdown_fini_1                 0x08000229   Thumb Code     0  libshutdown2.o(.ARM.Collect$$libshutdown$$00000002)
    __rt_lib_shutdown_fp_trap_1              0x08000229   Thumb Code     0  libshutdown2.o(.ARM.Collect$$libshutdown$$00000009)
    __rt_lib_shutdown_heap_1                 0x08000229   Thumb Code     0  libshutdown2.o(.ARM.Collect$$libshutdown$$00000011)
    __rt_lib_shutdown_return                 0x08000229   Thumb Code     0  libshutdown2.o(.ARM.Collect$$libshutdown$$00000012)
    __rt_lib_shutdown_signal_1               0x08000229   Thumb Code     0  libshutdown2.o(.ARM.Collect$$libshutdown$$0000000C)
    __rt_lib_shutdown_stdio_1                0x08000229   Thumb Code     0  libshutdown2.o(.ARM.Collect$$libshutdown$$00000006)
    __rt_lib_shutdown_user_alloc_1           0x08000229   Thumb Code     0  libshutdown2.o(.ARM.Collect$$libshutdown$$0000000E)
    __rt_entry                               0x0800022b   Thumb Code     0  __rtentry.o(.ARM.Collect$$rtentry$$00000000)
    __rt_entry_presh_1                       0x0800022b   Thumb Code     0  __rtentry2.o(.ARM.Collect$$rtentry$$00000002)
    __rt_entry_sh                            0x0800022b   Thumb Code     0  __rtentry4.o(.ARM.Collect$$rtentry$$00000004)
    __rt_entry_li                            0x08000231   Thumb Code     0  __rtentry2.o(.ARM.Collect$$rtentry$$0000000A)
    __rt_entry_postsh_1                      0x08000231   Thumb Code     0  __rtentry2.o(.ARM.Collect$$rtentry$$00000009)
    __rt_entry_main                          0x08000235   Thumb Code     0  __rtentry2.o(.ARM.Collect$$rtentry$$0000000D)
    __rt_entry_postli_1                      0x08000235   Thumb Code     0  __rtentry2.o(.ARM.Collect$$rtentry$$0000000C)
    __rt_exit                                0x0800023d   Thumb Code     0  rtexit.o(.ARM.Collect$$rtexit$$00000000)
    __rt_exit_ls                             0x0800023f   Thumb Code     0  rtexit2.o(.ARM.Collect$$rtexit$$00000003)
    __rt_exit_prels_1                        0x0800023f   Thumb Code     0  rtexit2.o(.ARM.Collect$$rtexit$$00000002)
    __rt_exit_exit                           0x08000243   Thumb Code     0  rtexit2.o(.ARM.Collect$$rtexit$$00000004)
    RD_display                               0x08000249   Thumb Code     0  register.o(.text)
    RM                                       0x08000283   Thumb Code     0  register.o(.text)
    MD                                       0x08000313   Thumb Code     0  register.o(.text)
    MM_BYTE                                  0x08000331   Thumb Code     0  register.o(.text)
    MM_HALF                                  0x08000339   Thumb Code     0  register.o(.text)
    MM_WORD                                  0x08000341   Thumb Code     0  register.o(.text)
    RUN                                      0x08000349   Thumb Code     0  register.o(.text)
    CALL                                     0x0800034b   Thumb Code     0  register.o(.text)
    Reset_Handler                            0x0800035d   Thumb Code     8  startup_stm32f303xc.o(.text)
    NMI_Handler                              0x08000365   Thumb Code     2  startup_stm32f303xc.o(.text)
    HardFault_Handler                        0x08000367   Thumb Code     2  startup_stm32f303xc.o(.text)
    MemManage_Handler                        0x08000369   Thumb Code     2  startup_stm32f303xc.o(.text)
    BusFault_Handler                         0x0800036b   Thumb Code     2  startup_stm32f303xc.o(.text)
    UsageFault_Handler                       0x0800036d   Thumb Code     2  startup_stm32f303xc.o(.text)
    SVC_Handler                              0x0800036f   Thumb Code     2  startup_stm32f303xc.o(.text)
    DebugMon_Handler                         0x08000371   Thumb Code     2  startup_stm32f303xc.o(.text)
    PendSV_Handler                           0x08000373   Thumb Code     2  startup_stm32f303xc.o(.text)
    SysTick_Handler                          0x08000375   Thumb Code     2  startup_stm32f303xc.o(.text)
    ADC1_2_IRQHandler                        0x08000377   Thumb Code     0  startup_stm32f303xc.o(.text)
    ADC3_IRQHandler                          0x08000377   Thumb Code     0  startup_stm32f303xc.o(.text)
    ADC4_IRQHandler                          0x08000377   Thumb Code     0  startup_stm32f303xc.o(.text)
    CAN_RX1_IRQHandler                       0x08000377   Thumb Code     0  startup_stm32f303xc.o(.text)
    CAN_SCE_IRQHandler                       0x08000377   Thumb Code     0  startup_stm32f303xc.o(.text)
    COMP1_2_3_IRQHandler                     0x08000377   Thumb Code     0  startup_stm32f303xc.o(.text)
    COMP4_5_6_IRQHandler                     0x08000377   Thumb Code     0  startup_stm32f303xc.o(.text)
    COMP7_IRQHandler                         0x08000377   Thumb Code     0  startup_stm32f303xc.o(.text)
    DMA1_Channel1_IRQHandler                 0x08000377   Thumb Code     0  startup_stm32f303xc.o(.text)
    DMA1_Channel2_IRQHandler                 0x08000377   Thumb Code     0  startup_stm32f303xc.o(.text)
    DMA1_Channel3_IRQHandler                 0x08000377   Thumb Code     0  startup_stm32f303xc.o(.text)
    DMA1_Channel4_IRQHandler                 0x08000377   Thumb Code     0  startup_stm32f303xc.o(.text)
    DMA1_Channel5_IRQHandler                 0x08000377   Thumb Code     0  startup_stm32f303xc.o(.text)
    DMA1_Channel6_IRQHandler                 0x08000377   Thumb Code     0  startup_stm32f303xc.o(.text)
    DMA1_Channel7_IRQHandler                 0x08000377   Thumb Code     0  startup_stm32f303xc.o(.text)
    DMA2_Channel1_IRQHandler                 0x08000377   Thumb Code     0  startup_stm32f303xc.o(.text)
    DMA2_Channel2_IRQHandler                 0x08000377   Thumb Code     0  startup_stm32f303xc.o(.text)
    DMA2_Channel3_IRQHandler                 0x08000377   Thumb Code     0  startup_stm32f303xc.o(.text)
    DMA2_Channel4_IRQHandler                 0x08000377   Thumb Code     0  startup_stm32f303xc.o(.text)
    DMA2_Channel5_IRQHandler                 0x08000377   Thumb Code     0  startup_stm32f303xc.o(.text)
    EXTI0_IRQHandler                         0x08000377   Thumb Code     0  startup_stm32f303xc.o(.text)
    EXTI15_10_IRQHandler                     0x08000377   Thumb Code     0  startup_stm32f303xc.o(.text)
    EXTI1_IRQHandler                         0x08000377   Thumb Code     0  startup_stm32f303xc.o(.text)
    EXTI2_TSC_IRQHandler                     0x08000377   Thumb Code     0  startup_stm32f303xc.o(.text)
    EXTI3_IRQHandler                         0x08000377   Thumb Code     0  startup_stm32f303xc.o(.text)
    EXTI4_IRQHandler                         0x08000377   Thumb Code     0  startup_stm32f303xc.o(.text)
    EXTI9_5_IRQHandler                       0x08000377   Thumb Code     0  startup_stm32f303xc.o(.text)
    FLASH_IRQHandler                         0x08000377   Thumb Code     0  startup_stm32f303xc.o(.text)
    FPU_IRQHandler                           0x08000377   Thumb Code     0  startup_stm32f303xc.o(.text)
    I2C1_ER_IRQHandler                       0x08000377   Thumb Code     0  startup_stm32f303xc.o(.text)
    I2C1_EV_IRQHandler                       0x08000377   Thumb Code     0  startup_stm32f303xc.o(.text)
    I2C2_ER_IRQHandler                       0x08000377   Thumb Code     0  startup_stm32f303xc.o(.text)
    I2C2_EV_IRQHandler                       0x08000377   Thumb Code     0  startup_stm32f303xc.o(.text)
    PVD_IRQHandler                           0x08000377   Thumb Code     0  startup_stm32f303xc.o(.text)
    RCC_IRQHandler                           0x08000377   Thumb Code     0  startup_stm32f303xc.o(.text)
    RTC_Alarm_IRQHandler                     0x08000377   Thumb Code     0  startup_stm32f303xc.o(.text)
    RTC_WKUP_IRQHandler                      0x08000377   Thumb Code     0  startup_stm32f303xc.o(.text)
    SPI1_IRQHandler                          0x08000377   Thumb Code     0  startup_stm32f303xc.o(.text)
    SPI2_IRQHandler                          0x08000377   Thumb Code     0  startup_stm32f303xc.o(.text)
    SPI3_IRQHandler                          0x08000377   Thumb Code     0  startup_stm32f303xc.o(.text)
    TAMP_STAMP_IRQHandler                    0x08000377   Thumb Code     0  startup_stm32f303xc.o(.text)
    TIM1_BRK_TIM15_IRQHandler                0x08000377   Thumb Code     0  startup_stm32f303xc.o(.text)
    TIM1_CC_IRQHandler                       0x08000377   Thumb Code     0  startup_stm32f303xc.o(.text)
    TIM1_TRG_COM_TIM17_IRQHandler            0x08000377   Thumb Code     0  startup_stm32f303xc.o(.text)
    TIM1_UP_TIM16_IRQHandler                 0x08000377   Thumb Code     0  startup_stm32f303xc.o(.text)
    TIM2_IRQHandler                          0x08000377   Thumb Code     0  startup_stm32f303xc.o(.text)
    TIM3_IRQHandler                          0x08000377   Thumb Code     0  startup_stm32f303xc.o(.text)
    TIM4_IRQHandler                          0x08000377   Thumb Code     0  startup_stm32f303xc.o(.text)
    TIM6_DAC_IRQHandler                      0x08000377   Thumb Code     0  startup_stm32f303xc.o(.text)
    TIM7_IRQHandler                          0x08000377   Thumb Code     0  startup_stm32f303xc.o(.text)
    TIM8_BRK_IRQHandler                      0x08000377   Thumb Code     0  startup_stm32f303xc.o(.text)
    TIM8_CC_IRQHandler                       0x08000377   Thumb Code     0  startup_stm32f303xc.o(.text)
    TIM8_TRG_COM_IRQHandler                  0x08000377   Thumb Code     0  startup_stm32f303xc.o(.text)
    TIM8_UP_IRQHandler                       0x08000377   Thumb Code     0  startup_stm32f303xc.o(.text)
    UART4_IRQHandler                         0x08000377   Thumb Code     0  startup_stm32f303xc.o(.text)
    UART5_IRQHandler                         0x08000377   Thumb Code     0  startup_stm32f303xc.o(.text)
    USART2_IRQHandler                        0x08000377   Thumb Code     0  startup_stm32f303xc.o(.text)
    USART3_IRQHandler                        0x08000377   Thumb Code     0  startup_stm32f303xc.o(.text)
    USBWakeUp_IRQHandler                     0x08000377   Thumb Code     0  startup_stm32f303xc.o(.text)
    USBWakeUp_RMP_IRQHandler                 0x08000377   Thumb Code     0  startup_stm32f303xc.o(.text)
    USB_HP_CAN_TX_IRQHandler                 0x08000377   Thumb Code     0  startup_stm32f303xc.o(.text)
    USB_HP_IRQHandler                        0x08000377   Thumb Code     0  startup_stm32f303xc.o(.text)
    USB_LP_CAN_RX0_IRQHandler                0x08000377   Thumb Code     0  startup_stm32f303xc.o(.text)
    USB_LP_IRQHandler                        0x08000377   Thumb Code     0  startup_stm32f303xc.o(.text)
    WWDG_IRQHandler                          0x08000377   Thumb Code     0  startup_stm32f303xc.o(.text)
    __user_initial_stackheap                 0x08000379   Thumb Code     0  startup_stm32f303xc.o(.text)
    __2sprintf                               0x0800039d   Thumb Code    34  noretval__2sprintf.o(.text)
    _printf_pre_padding                      0x080003c5   Thumb Code    44  _printf_pad.o(.text)
    _printf_post_padding                     0x080003f1   Thumb Code    34  _printf_pad.o(.text)
    _printf_int_dec                          0x08000415   Thumb Code   104  _printf_dec.o(.text)
    _printf_int_hex                          0x0800048d   Thumb Code    84  _printf_hex_int.o(.text)
    _printf_longlong_hex                     0x0800048d   Thumb Code     0  _printf_hex_int.o(.text)
    __printf                                 0x080004e5   Thumb Code   308  __printf_flags_wp.o(.text)
    strtoll                                  0x0800061d   Thumb Code     4  strtoll.o(.text)
    strtoull                                 0x08000621   Thumb Code     4  strtoull.o(.text)
    strtok                                   0x08000625   Thumb Code     6  strtok.o(.text)
    strcpy                                   0x08000631   Thumb Code    72  strcpy.o(.text)
    strcat                                   0x08000679   Thumb Code    24  strcat.o(.text)
    strcmp                                   0x08000691   Thumb Code   128  strcmpv7m.o(.text)
    __use_two_region_memory                  0x08000711   Thumb Code     2  heapauxi.o(.text)
    __rt_heap_escrow$2region                 0x08000713   Thumb Code     2  heapauxi.o(.text)
    __rt_heap_expand$2region                 0x08000715   Thumb Code     2  heapauxi.o(.text)
    _printf_int_common                       0x08000717   Thumb Code   178  _printf_intcommon.o(.text)
    _printf_char_common                      0x080007d3   Thumb Code    32  _printf_char_common.o(.text)
    _sputc                                   0x080007f9   Thumb Code    10  _sputc.o(.text)
    __strtoll                                0x08000803   Thumb Code   144  __strtoll.o(.text)
    __strtoull                               0x08000893   Thumb Code   124  __strtoull.o(.text)
    __strtok_internal                        0x08000911   Thumb Code    64  strtok_int.o(.text)
    __rt_ctype_table                         0x08000955   Thumb Code    16  rt_ctype_table.o(.text)
    __aeabi_errno_addr                       0x08000965   Thumb Code     8  rt_errno_addr_intlibspace.o(.text)
    __errno$intlibspace                      0x08000965   Thumb Code     0  rt_errno_addr_intlibspace.o(.text)
    __rt_errno_addr$intlibspace              0x08000965   Thumb Code     0  rt_errno_addr_intlibspace.o(.text)
    _strtoull                                0x0800096d   Thumb Code   194  _strtoull.o(.text)
    strcspn                                  0x08000a2f   Thumb Code    32  strcspn.o(.text)
    strspn                                   0x08000a4f   Thumb Code    28  strspn.o(.text)
    __user_libspace                          0x08000a6d   Thumb Code     8  libspace.o(.text)
    __user_perproc_libspace                  0x08000a6d   Thumb Code     0  libspace.o(.text)
    __user_perthread_libspace                0x08000a6d   Thumb Code     0  libspace.o(.text)
    __user_setup_stackheap                   0x08000a75   Thumb Code    74  sys_stackheap_outer.o(.text)
    __rt_locale                              0x08000ac1   Thumb Code     8  rt_locale_intlibspace.o(.text)
    _chval                                   0x08000ac9   Thumb Code    28  _chval.o(.text)
    exit                                     0x08000ae5   Thumb Code    18  exit.o(.text)
    _sys_exit                                0x08000af9   Thumb Code     8  sys_exit.o(.text)
    __I$use$semihosting                      0x08000b05   Thumb Code     0  use_no_semi.o(.text)
    __use_no_semihosting_swi                 0x08000b05   Thumb Code     2  use_no_semi.o(.text)
    __semihosting_library_function           0x08000b07   Thumb Code     0  indicate_semi.o(.text)
    PWM_Init                                 0x08000b09   Thumb Code   194  drivers.o(i.PWM_Init)
    Rd_get                                   0x08000be5   Thumb Code    86  drivers.o(i.Rd_get)
    Read_uart                                0x08000c65   Thumb Code    74  drivers.o(i.Read_uart)
    SystemCoreClockUpdate                    0x08000cc1   Thumb Code   138  system_stm32f3xx.o(i.SystemCoreClockUpdate)
    SystemInit                               0x08000d61   Thumb Code   104  system_stm32f3xx.o(i.SystemInit)
    USART1_IRQHandler                        0x08000ddd   Thumb Code   134  drivers.o(i.USART1_IRQHandler)
    USART1_config                            0x08000e79   Thumb Code   142  drivers.o(i.USART1_config)
    USART1_putString                         0x08000f19   Thumb Code    22  drivers.o(i.USART1_putString)
    USART1_send                              0x08000f31   Thumb Code    22  drivers.o(i.USART1_send)
    _is_digit                                0x08000f4d   Thumb Code    14  __printf_wp.o(i._is_digit)
    clear                                    0x08000f5d   Thumb Code    10  drivers.o(i.clear)
    clk_config                               0x08000f71   Thumb Code    86  drivers.o(i.clk_config)
    help                                     0x08000fd1   Thumb Code   124  drivers.o(i.help)
    main                                     0x0800109d   Thumb Code    82  main.o(i.main)
    opciones                                 0x08001295   Thumb Code  1292  drivers.o(i.opciones)
    _get_lc_ctype                            0x080017dd   Thumb Code    44  lc_ctype_c.o(locale$$code)
    __aeabi_d2uiz                            0x08001809   Thumb Code     0  dfixu.o(x$fpl$dfixu)
    _dfixu                                   0x08001809   Thumb Code    90  dfixu.o(x$fpl$dfixu)
    __aeabi_ui2d                             0x08001863   Thumb Code     0  dflt_clz.o(x$fpl$dfltu)
    _dfltu                                   0x08001863   Thumb Code    38  dflt_clz.o(x$fpl$dfltu)
    __aeabi_dmul                             0x08001889   Thumb Code     0  dmul.o(x$fpl$dmul)
    _dmul                                    0x08001889   Thumb Code   332  dmul.o(x$fpl$dmul)
    __fpl_dnaninf                            0x080019dd   Thumb Code   156  dnaninf.o(x$fpl$dnaninf)
    __fpl_dretinf                            0x08001a79   Thumb Code    12  dretinf.o(x$fpl$dretinf)
    _fp_init                                 0x08001a85   Thumb Code    10  fpinit.o(x$fpl$fpinit)
    __fplib_config_fpu_vfp                   0x08001a8d   Thumb Code     0  fpinit.o(x$fpl$fpinit)
    __fplib_config_pureend_doubles           0x08001a8d   Thumb Code     0  fpinit.o(x$fpl$fpinit)
    AHBPrescTable                            0x08001a8e   Data          16  system_stm32f3xx.o(.constdata)
    __I$use$fp                               0x08001a8e   Number         0  usenofp.o(x$fpl$usenofp)
    APBPrescTable                            0x08001a9e   Data           8  system_stm32f3xx.o(.constdata)
    Region$$Table$$Base                      0x0800253c   Number         0  anon$$obj.o(Region$$Table)
    Region$$Table$$Limit                     0x0800255c   Number         0  anon$$obj.o(Region$$Table)
    __ctype                                  0x08002569   Data           0  lc_ctype_c.o(locale$$data)
    data                                     0x20000000   Data           1  drivers.o(.data)
    token                                    0x20000004   Data          20  drivers.o(.data)
    da                                       0x20000018   Data           4  drivers.o(.data)
    ref                                      0x2000001c   Data           4  drivers.o(.data)
    n                                        0x20000020   Data           1  drivers.o(.data)
    coman_ready                              0x20000021   Data           1  drivers.o(.data)
    i                                        0x20000024   Data           4  drivers.o(.data)
    memo                                     0x20000028   Data           1  drivers.o(.data)
    registro_rm                              0x2000002c   Data           4  drivers.o(.data)
    data_rm                                  0x20000030   Data           4  drivers.o(.data)
    direct                                   0x20000034   Data           4  drivers.o(.data)
    datamm                                   0x20000038   Data           4  drivers.o(.data)
    inicio                                   0x2000003c   Data           4  drivers.o(.data)
    fin                                      0x20000040   Data           4  drivers.o(.data)
    restr                                    0x20000044   Data           4  drivers.o(.data)
    freq                                     0x20000048   Data           4  drivers.o(.data)
    start                                    0x2000004c   Data           4  drivers.o(.data)
    directRun                                0x20000050   Data           4  drivers.o(.data)
    directCall                               0x20000054   Data           4  drivers.o(.data)
    SystemCoreClock                          0x20000058   Data           4  system_stm32f3xx.o(.data)
    tx_string                                0x20000060   Data          32  drivers.o(.bss)
    D                                        0x20000080   Data          64  drivers.o(.bss)
    D2                                       0x200000c0   Data          64  drivers.o(.bss)
    D3                                       0x20000100   Data          64  drivers.o(.bss)
    D4                                       0x20000140   Data          64  drivers.o(.bss)
    resgister                                0x20000180   Data          64  drivers.o(.bss)
    memo_array                               0x200001c0   Data          16  drivers.o(.bss)
    __libspace_start                         0x200001d0   Data          96  libspace.o(.bss)
    __temporary_stack_top$libspace           0x20000230   Data           0  libspace.o(.bss)



==============================================================================

Memory Map of the image

  Image Entry point : 0x0800035d

  Load Region LR_1 (Base: 0x08000000, Size: 0x000026cc, Max: 0xffffffff, ABSOLUTE)

    Execution Region ER_RO (Exec base: 0x08000000, Load base: 0x08000000, Size: 0x0000266c, Max: 0xffffffff, ABSOLUTE)

    Exec Addr    Load Addr    Size         Type   Attr      Idx    E Section Name        Object

    0x08000000   0x08000000   0x00000188   Data   RO          172    RESET               startup_stm32f303xc.o
    0x08000188   0x08000188   0x00000008   Code   RO          285  * !!!main             c_w.l(__main.o)
    0x08000190   0x08000190   0x00000034   Code   RO          499    !!!scatter          c_w.l(__scatter.o)
    0x080001c4   0x080001c4   0x0000001a   Code   RO          501    !!handler_copy      c_w.l(__scatter_copy.o)
    0x080001de   0x080001de   0x00000002   PAD
    0x080001e0   0x080001e0   0x0000001c   Code   RO          503    !!handler_zi        c_w.l(__scatter_zi.o)
    0x080001fc   0x080001fc   0x00000000   Code   RO          269    .ARM.Collect$$_printf_percent$$00000000  c_w.l(_printf_percent.o)
    0x080001fc   0x080001fc   0x00000006   Code   RO          268    .ARM.Collect$$_printf_percent$$00000009  c_w.l(_printf_d.o)
    0x08000202   0x08000202   0x00000006   Code   RO          267    .ARM.Collect$$_printf_percent$$0000000C  c_w.l(_printf_x.o)
    0x08000208   0x08000208   0x00000004   Code   RO          306    .ARM.Collect$$_printf_percent$$00000017  c_w.l(_printf_percent_end.o)
    0x0800020c   0x0800020c   0x00000002   Code   RO          370    .ARM.Collect$$libinit$$00000000  c_w.l(libinit.o)
    0x0800020e   0x0800020e   0x00000004   Code   RO          373    .ARM.Collect$$libinit$$00000001  c_w.l(libinit2.o)
    0x08000212   0x08000212   0x00000000   Code   RO          376    .ARM.Collect$$libinit$$00000004  c_w.l(libinit2.o)
    0x08000212   0x08000212   0x00000000   Code   RO          379    .ARM.Collect$$libinit$$0000000A  c_w.l(libinit2.o)
    0x08000212   0x08000212   0x00000000   Code   RO          381    .ARM.Collect$$libinit$$0000000C  c_w.l(libinit2.o)
    0x08000212   0x08000212   0x00000000   Code   RO          383    .ARM.Collect$$libinit$$0000000E  c_w.l(libinit2.o)
    0x08000212   0x08000212   0x00000006   Code   RO          384    .ARM.Collect$$libinit$$0000000F  c_w.l(libinit2.o)
    0x08000218   0x08000218   0x00000000   Code   RO          386    .ARM.Collect$$libinit$$00000011  c_w.l(libinit2.o)
    0x08000218   0x08000218   0x0000000c   Code   RO          387    .ARM.Collect$$libinit$$00000012  c_w.l(libinit2.o)
    0x08000224   0x08000224   0x00000000   Code   RO          388    .ARM.Collect$$libinit$$00000013  c_w.l(libinit2.o)
    0x08000224   0x08000224   0x00000000   Code   RO          390    .ARM.Collect$$libinit$$00000015  c_w.l(libinit2.o)
    0x08000224   0x08000224   0x00000000   Code   RO          392    .ARM.Collect$$libinit$$00000017  c_w.l(libinit2.o)
    0x08000224   0x08000224   0x00000000   Code   RO          394    .ARM.Collect$$libinit$$00000019  c_w.l(libinit2.o)
    0x08000224   0x08000224   0x00000000   Code   RO          396    .ARM.Collect$$libinit$$0000001B  c_w.l(libinit2.o)
    0x08000224   0x08000224   0x00000000   Code   RO          398    .ARM.Collect$$libinit$$0000001D  c_w.l(libinit2.o)
    0x08000224   0x08000224   0x00000000   Code   RO          400    .ARM.Collect$$libinit$$0000001F  c_w.l(libinit2.o)
    0x08000224   0x08000224   0x00000000   Code   RO          402    .ARM.Collect$$libinit$$00000021  c_w.l(libinit2.o)
    0x08000224   0x08000224   0x00000000   Code   RO          404    .ARM.Collect$$libinit$$00000023  c_w.l(libinit2.o)
    0x08000224   0x08000224   0x00000000   Code   RO          406    .ARM.Collect$$libinit$$00000025  c_w.l(libinit2.o)
    0x08000224   0x08000224   0x00000000   Code   RO          410    .ARM.Collect$$libinit$$0000002C  c_w.l(libinit2.o)
    0x08000224   0x08000224   0x00000000   Code   RO          412    .ARM.Collect$$libinit$$0000002E  c_w.l(libinit2.o)
    0x08000224   0x08000224   0x00000000   Code   RO          414    .ARM.Collect$$libinit$$00000030  c_w.l(libinit2.o)
    0x08000224   0x08000224   0x00000000   Code   RO          416    .ARM.Collect$$libinit$$00000032  c_w.l(libinit2.o)
    0x08000224   0x08000224   0x00000002   Code   RO          417    .ARM.Collect$$libinit$$00000033  c_w.l(libinit2.o)
    0x08000226   0x08000226   0x00000002   Code   RO          437    .ARM.Collect$$libshutdown$$00000000  c_w.l(libshutdown.o)
    0x08000228   0x08000228   0x00000000   Code   RO          450    .ARM.Collect$$libshutdown$$00000002  c_w.l(libshutdown2.o)
    0x08000228   0x08000228   0x00000000   Code   RO          452    .ARM.Collect$$libshutdown$$00000004  c_w.l(libshutdown2.o)
    0x08000228   0x08000228   0x00000000   Code   RO          454    .ARM.Collect$$libshutdown$$00000006  c_w.l(libshutdown2.o)
    0x08000228   0x08000228   0x00000000   Code   RO          457    .ARM.Collect$$libshutdown$$00000009  c_w.l(libshutdown2.o)
    0x08000228   0x08000228   0x00000000   Code   RO          460    .ARM.Collect$$libshutdown$$0000000C  c_w.l(libshutdown2.o)
    0x08000228   0x08000228   0x00000000   Code   RO          462    .ARM.Collect$$libshutdown$$0000000E  c_w.l(libshutdown2.o)
    0x08000228   0x08000228   0x00000000   Code   RO          465    .ARM.Collect$$libshutdown$$00000011  c_w.l(libshutdown2.o)
    0x08000228   0x08000228   0x00000002   Code   RO          466    .ARM.Collect$$libshutdown$$00000012  c_w.l(libshutdown2.o)
    0x0800022a   0x0800022a   0x00000000   Code   RO          299    .ARM.Collect$$rtentry$$00000000  c_w.l(__rtentry.o)
    0x0800022a   0x0800022a   0x00000000   Code   RO          319    .ARM.Collect$$rtentry$$00000002  c_w.l(__rtentry2.o)
    0x0800022a   0x0800022a   0x00000006   Code   RO          331    .ARM.Collect$$rtentry$$00000004  c_w.l(__rtentry4.o)
    0x08000230   0x08000230   0x00000000   Code   RO          321    .ARM.Collect$$rtentry$$00000009  c_w.l(__rtentry2.o)
    0x08000230   0x08000230   0x00000004   Code   RO          322    .ARM.Collect$$rtentry$$0000000A  c_w.l(__rtentry2.o)
    0x08000234   0x08000234   0x00000000   Code   RO          324    .ARM.Collect$$rtentry$$0000000C  c_w.l(__rtentry2.o)
    0x08000234   0x08000234   0x00000008   Code   RO          325    .ARM.Collect$$rtentry$$0000000D  c_w.l(__rtentry2.o)
    0x0800023c   0x0800023c   0x00000002   Code   RO          371    .ARM.Collect$$rtexit$$00000000  c_w.l(rtexit.o)
    0x0800023e   0x0800023e   0x00000000   Code   RO          419    .ARM.Collect$$rtexit$$00000002  c_w.l(rtexit2.o)
    0x0800023e   0x0800023e   0x00000004   Code   RO          420    .ARM.Collect$$rtexit$$00000003  c_w.l(rtexit2.o)
    0x08000242   0x08000242   0x00000006   Code   RO          421    .ARM.Collect$$rtexit$$00000004  c_w.l(rtexit2.o)
    0x08000248   0x08000248   0x00000114   Code   RO           68    .text               register.o
    0x0800035c   0x0800035c   0x00000040   Code   RO          173  * .text               startup_stm32f303xc.o
    0x0800039c   0x0800039c   0x00000028   Code   RO          218    .text               c_w.l(noretval__2sprintf.o)
    0x080003c4   0x080003c4   0x0000004e   Code   RO          222    .text               c_w.l(_printf_pad.o)
    0x08000412   0x08000412   0x00000002   PAD
    0x08000414   0x08000414   0x00000078   Code   RO          224    .text               c_w.l(_printf_dec.o)
    0x0800048c   0x0800048c   0x00000058   Code   RO          229    .text               c_w.l(_printf_hex_int.o)
    0x080004e4   0x080004e4   0x00000138   Code   RO          259    .text               c_w.l(__printf_flags_wp.o)
    0x0800061c   0x0800061c   0x00000004   Code   RO          270    .text               c_w.l(strtoll.o)
    0x08000620   0x08000620   0x00000004   Code   RO          272    .text               c_w.l(strtoull.o)
    0x08000624   0x08000624   0x0000000c   Code   RO          274    .text               c_w.l(strtok.o)
    0x08000630   0x08000630   0x00000048   Code   RO          277    .text               c_w.l(strcpy.o)
    0x08000678   0x08000678   0x00000018   Code   RO          279    .text               c_w.l(strcat.o)
    0x08000690   0x08000690   0x00000080   Code   RO          281    .text               c_w.l(strcmpv7m.o)
    0x08000710   0x08000710   0x00000006   Code   RO          283    .text               c_w.l(heapauxi.o)
    0x08000716   0x08000716   0x000000b2   Code   RO          300    .text               c_w.l(_printf_intcommon.o)
    0x080007c8   0x080007c8   0x00000030   Code   RO          302    .text               c_w.l(_printf_char_common.o)
    0x080007f8   0x080007f8   0x0000000a   Code   RO          304    .text               c_w.l(_sputc.o)
    0x08000802   0x08000802   0x00000090   Code   RO          307    .text               c_w.l(__strtoll.o)
    0x08000892   0x08000892   0x0000007c   Code   RO          309    .text               c_w.l(__strtoull.o)
    0x0800090e   0x0800090e   0x00000002   PAD
    0x08000910   0x08000910   0x00000044   Code   RO          311    .text               c_w.l(strtok_int.o)
    0x08000954   0x08000954   0x00000010   Code   RO          333    .text               c_w.l(rt_ctype_table.o)
    0x08000964   0x08000964   0x00000008   Code   RO          338    .text               c_w.l(rt_errno_addr_intlibspace.o)
    0x0800096c   0x0800096c   0x000000c2   Code   RO          342    .text               c_w.l(_strtoull.o)
    0x08000a2e   0x08000a2e   0x00000020   Code   RO          344    .text               c_w.l(strcspn.o)
    0x08000a4e   0x08000a4e   0x0000001c   Code   RO          346    .text               c_w.l(strspn.o)
    0x08000a6a   0x08000a6a   0x00000002   PAD
    0x08000a6c   0x08000a6c   0x00000008   Code   RO          348    .text               c_w.l(libspace.o)
    0x08000a74   0x08000a74   0x0000004a   Code   RO          351    .text               c_w.l(sys_stackheap_outer.o)
    0x08000abe   0x08000abe   0x00000002   PAD
    0x08000ac0   0x08000ac0   0x00000008   Code   RO          356    .text               c_w.l(rt_locale_intlibspace.o)
    0x08000ac8   0x08000ac8   0x0000001c   Code   RO          358    .text               c_w.l(_chval.o)
    0x08000ae4   0x08000ae4   0x00000012   Code   RO          363    .text               c_w.l(exit.o)
    0x08000af6   0x08000af6   0x00000002   PAD
    0x08000af8   0x08000af8   0x0000000c   Code   RO          429    .text               c_w.l(sys_exit.o)
    0x08000b04   0x08000b04   0x00000002   Code   RO          440    .text               c_w.l(use_no_semi.o)
    0x08000b06   0x08000b06   0x00000000   Code   RO          442    .text               c_w.l(indicate_semi.o)
    0x08000b06   0x08000b06   0x00000002   PAD
    0x08000b08   0x08000b08   0x000000dc   Code   RO           74    i.PWM_Init          drivers.o
    0x08000be4   0x08000be4   0x00000080   Code   RO           75    i.Rd_get            drivers.o
    0x08000c64   0x08000c64   0x0000005c   Code   RO           76    i.Read_uart         drivers.o
    0x08000cc0   0x08000cc0   0x000000a0   Code   RO          180    i.SystemCoreClockUpdate  system_stm32f3xx.o
    0x08000d60   0x08000d60   0x0000007c   Code   RO          181    i.SystemInit        system_stm32f3xx.o
    0x08000ddc   0x08000ddc   0x0000009c   Code   RO           77    i.USART1_IRQHandler  drivers.o
    0x08000e78   0x08000e78   0x000000a0   Code   RO           78    i.USART1_config     drivers.o
    0x08000f18   0x08000f18   0x00000016   Code   RO           79    i.USART1_putString  drivers.o
    0x08000f2e   0x08000f2e   0x00000002   PAD
    0x08000f30   0x08000f30   0x0000001c   Code   RO           80    i.USART1_send       drivers.o
    0x08000f4c   0x08000f4c   0x0000000e   Code   RO          257    i._is_digit         c_w.l(__printf_wp.o)
    0x08000f5a   0x08000f5a   0x00000002   PAD
    0x08000f5c   0x08000f5c   0x00000014   Code   RO           81    i.clear             drivers.o
    0x08000f70   0x08000f70   0x00000060   Code   RO           82    i.clk_config        drivers.o
    0x08000fd0   0x08000fd0   0x000000cc   Code   RO           83    i.help              drivers.o
    0x0800109c   0x0800109c   0x000001f8   Code   RO            4    i.main              main.o
    0x08001294   0x08001294   0x00000548   Code   RO           84    i.opciones          drivers.o
    0x080017dc   0x080017dc   0x0000002c   Code   RO          361    locale$$code        c_w.l(lc_ctype_c.o)
    0x08001808   0x08001808   0x0000005a   Code   RO          287    x$fpl$dfixu         fz_wm.l(dfixu.o)
    0x08001862   0x08001862   0x00000026   Code   RO          291    x$fpl$dfltu         fz_wm.l(dflt_clz.o)
    0x08001888   0x08001888   0x00000154   Code   RO          297    x$fpl$dmul          fz_wm.l(dmul.o)
    0x080019dc   0x080019dc   0x0000009c   Code   RO          313    x$fpl$dnaninf       fz_wm.l(dnaninf.o)
    0x08001a78   0x08001a78   0x0000000c   Code   RO          315    x$fpl$dretinf       fz_wm.l(dretinf.o)
    0x08001a84   0x08001a84   0x0000000a   Code   RO          427    x$fpl$fpinit        fz_wm.l(fpinit.o)
    0x08001a8e   0x08001a8e   0x00000000   Code   RO          317    x$fpl$usenofp       fz_wm.l(usenofp.o)
    0x08001a8e   0x08001a8e   0x00000018   Data   RO          182    .constdata          system_stm32f3xx.o
    0x08001aa6   0x08001aa6   0x00000028   Data   RO          230    .constdata          c_w.l(_printf_hex_int.o)
    0x08001ace   0x08001ace   0x00000011   Data   RO          260    .constdata          c_w.l(__printf_flags_wp.o)
    0x08001adf   0x08001adf   0x00000001   PAD
    0x08001ae0   0x08001ae0   0x0000009c   Data   RO            6    .conststring        main.o
    0x08001b7c   0x08001b7c   0x000009be   Data   RO           86    .conststring        drivers.o
    0x0800253a   0x0800253a   0x00000002   PAD
    0x0800253c   0x0800253c   0x00000020   Data   RO          497    Region$$Table       anon$$obj.o
    0x0800255c   0x0800255c   0x00000110   Data   RO          360    locale$$data        c_w.l(lc_ctype_c.o)


    Execution Region ER_RW (Exec base: 0x20000000, Load base: 0x0800266c, Size: 0x00000060, Max: 0xffffffff, ABSOLUTE)

    Exec Addr    Load Addr    Size         Type   Attr      Idx    E Section Name        Object

    0x20000000   0x0800266c   0x00000058   Data   RW           87    .data               drivers.o
    0x20000058   0x080026c4   0x00000004   Data   RW          183    .data               system_stm32f3xx.o
    0x2000005c   0x080026c8   0x00000004   Data   RW          275    .data               c_w.l(strtok.o)


    Execution Region ER_ZI (Exec base: 0x20000060, Load base: 0x080026cc, Size: 0x000007d0, Max: 0xffffffff, ABSOLUTE)

    Exec Addr    Load Addr    Size         Type   Attr      Idx    E Section Name        Object

    0x20000060        -       0x00000170   Zero   RW           85    .bss                drivers.o
    0x200001d0        -       0x00000060   Zero   RW          349    .bss                c_w.l(libspace.o)
    0x20000230        -       0x00000200   Zero   RW          171    HEAP                startup_stm32f303xc.o
    0x20000430        -       0x00000400   Zero   RW          170    STACK               startup_stm32f303xc.o


==============================================================================

Image component sizes


      Code (inc. data)   RO Data    RW Data    ZI Data      Debug   Object Name

      2478        476       2494         88        368      37981   drivers.o
       504        422        156          0          0     464839   main.o
       276         12          0          0          0        360   register.o
        64         26        392          0       1536        892   startup_stm32f303xc.o
       284         42         24          4          0       2175   system_stm32f3xx.o

    ----------------------------------------------------------------------
      3608        978       3100         92       1904     506247   Object Totals
         0          0         32          0          0          0   (incl. Generated)
         2          0          2          0          0          0   (incl. Padding)

    ----------------------------------------------------------------------

      Code (inc. data)   RO Data    RW Data    ZI Data      Debug   Library Member Name

         8          0          0          0          0         68   __main.o
       312          4         17          0          0         92   __printf_flags_wp.o
        14          0          0          0          0         68   __printf_wp.o
         0          0          0          0          0          0   __rtentry.o
        12          0          0          0          0          0   __rtentry2.o
         6          0          0          0          0          0   __rtentry4.o
        52          8          0          0          0          0   __scatter.o
        26          0          0          0          0          0   __scatter_copy.o
        28          0          0          0          0          0   __scatter_zi.o
       144          0          0          0          0         88   __strtoll.o
       124          0          0          0          0         92   __strtoull.o
        28          0          0          0          0         68   _chval.o
        48          6          0          0          0         96   _printf_char_common.o
         6          0          0          0          0          0   _printf_d.o
       120         16          0          0          0         92   _printf_dec.o
        88          4         40          0          0         88   _printf_hex_int.o
       178          0          0          0          0         88   _printf_intcommon.o
        78          0          0          0          0        108   _printf_pad.o
         0          0          0          0          0          0   _printf_percent.o
         4          0          0          0          0          0   _printf_percent_end.o
         6          0          0          0          0          0   _printf_x.o
        10          0          0          0          0         68   _sputc.o
       194          0          0          0          0         96   _strtoull.o
        18          0          0          0          0         80   exit.o
         6          0          0          0          0        152   heapauxi.o
         0          0          0          0          0          0   indicate_semi.o
        44         10        272          0          0         76   lc_ctype_c.o
         2          0          0          0          0          0   libinit.o
        24          0          0          0          0          0   libinit2.o
         2          0          0          0          0          0   libshutdown.o
         2          0          0          0          0          0   libshutdown2.o
         8          4          0          0         96         68   libspace.o
        40          6          0          0          0         84   noretval__2sprintf.o
        16          4          0          0          0         76   rt_ctype_table.o
         8          4          0          0          0         68   rt_errno_addr_intlibspace.o
         8          4          0          0          0         68   rt_locale_intlibspace.o
         2          0          0          0          0          0   rtexit.o
        10          0          0          0          0          0   rtexit2.o
        24          0          0          0          0         68   strcat.o
       128          0          0          0          0         68   strcmpv7m.o
        72          0          0          0          0         80   strcpy.o
        32          0          0          0          0         80   strcspn.o
        28          0          0          0          0         80   strspn.o
        12          6          0          4          0         68   strtok.o
        68          4          0          0          0         84   strtok_int.o
         4          0          0          0          0         68   strtoll.o
         4          0          0          0          0         68   strtoull.o
        12          4          0          0          0         68   sys_exit.o
        74          0          0          0          0         80   sys_stackheap_outer.o
         2          0          0          0          0         68   use_no_semi.o
        90          4          0          0          0        140   dfixu.o
        38          0          0          0          0        116   dflt_clz.o
       340         12          0          0          0        152   dmul.o
       156          4          0          0          0        140   dnaninf.o
        12          0          0          0          0        116   dretinf.o
        10          0          0          0          0        116   fpinit.o
         0          0          0          0          0          0   usenofp.o

    ----------------------------------------------------------------------
      2798        104        330          4         96       3444   Library Totals
        16          0          1          0          0          0   (incl. Padding)

    ----------------------------------------------------------------------

      Code (inc. data)   RO Data    RW Data    ZI Data      Debug   Library Name

      2136         84        329          4         96       2664   c_w.l
       646         20          0          0          0        780   fz_wm.l

    ----------------------------------------------------------------------
      2798        104        330          4         96       3444   Library Totals

    ----------------------------------------------------------------------

==============================================================================


      Code (inc. data)   RO Data    RW Data    ZI Data      Debug   

      6406       1082       3430         96       2000     506683   Grand Totals
      6406       1082       3430         96       2000     506683   ELF Image Totals
      6406       1082       3430         96          0          0   ROM Totals

==============================================================================

    Total RO  Size (Code + RO Data)                 9836 (   9.61kB)
    Total RW  Size (RW Data + ZI Data)              2096 (   2.05kB)
    Total ROM Size (Code + RO Data + RW Data)       9932 (   9.70kB)

==============================================================================

