Component: ARM Compiler 5.06 update 7 (build 960) Tool: armlink [4d3601]

==============================================================================

Section Cross References

    main.o(i.main) refers to drivers.o(i.clk_config) for clk_config
    main.o(i.main) refers to drivers.o(i.USART1_config) for USART1_config
    main.o(i.main) refers to drivers.o(i.USART1_putString) for USART1_putString
    main.o(i.main) refers to drivers.o(i.printconsol) for printconsol
    main.o(i.main) refers to drivers.o(i.Read_uart) for Read_uart
    main.o(i.main) refers to main.o(.conststring) for .conststring
    drivers.o(i.Rd_get) refers to register.o(.text) for RD_display
    drivers.o(i.Read_uart) refers to strtok.o(.text) for strtok
    drivers.o(i.Read_uart) refers to drivers.o(i.opciones) for opciones
    drivers.o(i.Read_uart) refers to drivers.o(.data) for coman_ready
    drivers.o(i.Read_uart) refers to drivers.o(.bss) for tx_string
    drivers.o(i.USART1_IRQHandler) refers to drivers.o(.data) for data
    drivers.o(i.USART1_IRQHandler) refers to drivers.o(.bss) for tx_string
    drivers.o(i.USART1_config) refers to system_stm32f3xx.o(.data) for SystemCoreClock
    drivers.o(i.USART1_putString) refers to drivers.o(i.USART1_send) for USART1_send
    drivers.o(i.clear) refers to drivers.o(i.USART1_putString) for USART1_putString
    drivers.o(i.clk_config) refers to system_stm32f3xx.o(i.SystemCoreClockUpdate) for SystemCoreClockUpdate
    drivers.o(i.help) refers to drivers.o(i.USART1_putString) for USART1_putString
    drivers.o(i.help) refers to drivers.o(.conststring) for .conststring
    drivers.o(i.help) refers to drivers.o(.data) for coman_ready
    drivers.o(i.opciones) refers to strcmpv7m.o(.text) for strcmp
    drivers.o(i.opciones) refers to drivers.o(i.help) for help
    drivers.o(i.opciones) refers to drivers.o(i.printconsol) for printconsol
    drivers.o(i.opciones) refers to drivers.o(i.clear) for clear
    drivers.o(i.opciones) refers to drivers.o(i.USART1_putString) for USART1_putString
    drivers.o(i.opciones) refers to drivers.o(.data) for token
    drivers.o(i.printconsol) refers to drivers.o(i.USART1_putString) for USART1_putString
    drivers.o(i.printconsol) refers to drivers.o(.data) for coman_ready
    drivers.o(.data) refers to drivers.o(.conststring) for .conststring
    startup_stm32f303xc.o(STACK) refers (Special) to heapauxi.o(.text) for __use_two_region_memory
    startup_stm32f303xc.o(HEAP) refers (Special) to heapauxi.o(.text) for __use_two_region_memory
    startup_stm32f303xc.o(RESET) refers (Special) to heapauxi.o(.text) for __use_two_region_memory
    startup_stm32f303xc.o(RESET) refers to startup_stm32f303xc.o(STACK) for __initial_sp
    startup_stm32f303xc.o(RESET) refers to startup_stm32f303xc.o(.text) for Reset_Handler
    startup_stm32f303xc.o(RESET) refers to drivers.o(i.USART1_IRQHandler) for USART1_IRQHandler
    startup_stm32f303xc.o(.text) refers (Special) to heapauxi.o(.text) for __use_two_region_memory
    startup_stm32f303xc.o(.text) refers to system_stm32f3xx.o(i.SystemInit) for SystemInit
    startup_stm32f303xc.o(.text) refers to __main.o(!!!main) for __main
    startup_stm32f303xc.o(.text) refers to startup_stm32f303xc.o(HEAP) for Heap_Mem
    startup_stm32f303xc.o(.text) refers to startup_stm32f303xc.o(STACK) for Stack_Mem
    system_stm32f3xx.o(i.SystemCoreClockUpdate) refers to system_stm32f3xx.o(.data) for SystemCoreClock
    system_stm32f3xx.o(i.SystemCoreClockUpdate) refers to system_stm32f3xx.o(.constdata) for AHBPrescTable
    strtok.o(.text) refers to strtok_int.o(.text) for __strtok_internal
    strtok.o(.text) refers to strtok.o(.data) for .data
    __main.o(!!!main) refers to __rtentry.o(.ARM.Collect$$rtentry$$00000000) for __rt_entry
    __rtentry.o(.ARM.Collect$$rtentry$$00000000) refers (Special) to __rtentry2.o(.ARM.Collect$$rtentry$$0000000A) for __rt_entry_li
    __rtentry.o(.ARM.Collect$$rtentry$$00000000) refers (Special) to __rtentry2.o(.ARM.Collect$$rtentry$$0000000D) for __rt_entry_main
    __rtentry.o(.ARM.Collect$$rtentry$$00000000) refers (Special) to __rtentry2.o(.ARM.Collect$$rtentry$$0000000C) for __rt_entry_postli_1
    __rtentry.o(.ARM.Collect$$rtentry$$00000000) refers (Special) to __rtentry2.o(.ARM.Collect$$rtentry$$00000009) for __rt_entry_postsh_1
    __rtentry.o(.ARM.Collect$$rtentry$$00000000) refers (Special) to __rtentry2.o(.ARM.Collect$$rtentry$$00000002) for __rt_entry_presh_1
    __rtentry.o(.ARM.Collect$$rtentry$$00000000) refers (Special) to __rtentry4.o(.ARM.Collect$$rtentry$$00000004) for __rt_entry_sh
    strtok_int.o(.text) refers to strspn.o(.text) for strspn
    strtok_int.o(.text) refers to strcspn.o(.text) for strcspn
    __rtentry2.o(.ARM.Collect$$rtentry$$00000008) refers to boardinit2.o(.text) for _platform_post_stackheap_init
    __rtentry2.o(.ARM.Collect$$rtentry$$0000000A) refers to libinit.o(.ARM.Collect$$libinit$$00000000) for __rt_lib_init
    __rtentry2.o(.ARM.Collect$$rtentry$$0000000B) refers to boardinit3.o(.text) for _platform_post_lib_init
    __rtentry2.o(.ARM.Collect$$rtentry$$0000000D) refers to main.o(i.main) for main
    __rtentry2.o(.ARM.Collect$$rtentry$$0000000D) refers to exit.o(.text) for exit
    __rtentry2.o(.ARM.exidx) refers to __rtentry2.o(.ARM.Collect$$rtentry$$00000001) for .ARM.Collect$$rtentry$$00000001
    __rtentry2.o(.ARM.exidx) refers to __rtentry2.o(.ARM.Collect$$rtentry$$00000008) for .ARM.Collect$$rtentry$$00000008
    __rtentry2.o(.ARM.exidx) refers to __rtentry2.o(.ARM.Collect$$rtentry$$0000000A) for .ARM.Collect$$rtentry$$0000000A
    __rtentry2.o(.ARM.exidx) refers to __rtentry2.o(.ARM.Collect$$rtentry$$0000000B) for .ARM.Collect$$rtentry$$0000000B
    __rtentry2.o(.ARM.exidx) refers to __rtentry2.o(.ARM.Collect$$rtentry$$0000000D) for .ARM.Collect$$rtentry$$0000000D
    __rtentry4.o(.ARM.Collect$$rtentry$$00000004) refers to sys_stackheap_outer.o(.text) for __user_setup_stackheap
    __rtentry4.o(.ARM.exidx) refers to __rtentry4.o(.ARM.Collect$$rtentry$$00000004) for .ARM.Collect$$rtentry$$00000004
    sys_stackheap_outer.o(.text) refers to libspace.o(.text) for __user_perproc_libspace
    sys_stackheap_outer.o(.text) refers to startup_stm32f303xc.o(.text) for __user_initial_stackheap
    exit.o(.text) refers to rtexit.o(.ARM.Collect$$rtexit$$00000000) for __rt_exit
    libinit.o(.ARM.Collect$$libinit$$00000000) refers (Special) to libinit2.o(.ARM.Collect$$libinit$$0000002E) for __rt_lib_init_alloca_1
    libinit.o(.ARM.Collect$$libinit$$00000000) refers (Special) to libinit2.o(.ARM.Collect$$libinit$$0000002C) for __rt_lib_init_argv_1
    libinit.o(.ARM.Collect$$libinit$$00000000) refers (Special) to libinit2.o(.ARM.Collect$$libinit$$0000001B) for __rt_lib_init_atexit_1
    libinit.o(.ARM.Collect$$libinit$$00000000) refers (Special) to libinit2.o(.ARM.Collect$$libinit$$00000021) for __rt_lib_init_clock_1
    libinit.o(.ARM.Collect$$libinit$$00000000) refers (Special) to libinit2.o(.ARM.Collect$$libinit$$00000032) for __rt_lib_init_cpp_1
    libinit.o(.ARM.Collect$$libinit$$00000000) refers (Special) to libinit2.o(.ARM.Collect$$libinit$$00000030) for __rt_lib_init_exceptions_1
    libinit.o(.ARM.Collect$$libinit$$00000000) refers (Special) to libinit2.o(.ARM.Collect$$libinit$$00000001) for __rt_lib_init_fp_1
    libinit.o(.ARM.Collect$$libinit$$00000000) refers (Special) to libinit2.o(.ARM.Collect$$libinit$$0000001F) for __rt_lib_init_fp_trap_1
    libinit.o(.ARM.Collect$$libinit$$00000000) refers (Special) to libinit2.o(.ARM.Collect$$libinit$$00000023) for __rt_lib_init_getenv_1
    libinit.o(.ARM.Collect$$libinit$$00000000) refers (Special) to libinit2.o(.ARM.Collect$$libinit$$0000000A) for __rt_lib_init_heap_1
    libinit.o(.ARM.Collect$$libinit$$00000000) refers (Special) to libinit2.o(.ARM.Collect$$libinit$$00000011) for __rt_lib_init_lc_collate_1
    libinit.o(.ARM.Collect$$libinit$$00000000) refers (Special) to libinit2.o(.ARM.Collect$$libinit$$00000013) for __rt_lib_init_lc_ctype_1
    libinit.o(.ARM.Collect$$libinit$$00000000) refers (Special) to libinit2.o(.ARM.Collect$$libinit$$00000015) for __rt_lib_init_lc_monetary_1
    libinit.o(.ARM.Collect$$libinit$$00000000) refers (Special) to libinit2.o(.ARM.Collect$$libinit$$00000017) for __rt_lib_init_lc_numeric_1
    libinit.o(.ARM.Collect$$libinit$$00000000) refers (Special) to libinit2.o(.ARM.Collect$$libinit$$00000019) for __rt_lib_init_lc_time_1
    libinit.o(.ARM.Collect$$libinit$$00000000) refers (Special) to libinit2.o(.ARM.Collect$$libinit$$00000004) for __rt_lib_init_preinit_1
    libinit.o(.ARM.Collect$$libinit$$00000000) refers (Special) to libinit2.o(.ARM.Collect$$libinit$$0000000E) for __rt_lib_init_rand_1
    libinit.o(.ARM.Collect$$libinit$$00000000) refers (Special) to libinit2.o(.ARM.Collect$$libinit$$00000033) for __rt_lib_init_return
    libinit.o(.ARM.Collect$$libinit$$00000000) refers (Special) to libinit2.o(.ARM.Collect$$libinit$$0000001D) for __rt_lib_init_signal_1
    libinit.o(.ARM.Collect$$libinit$$00000000) refers (Special) to libinit2.o(.ARM.Collect$$libinit$$00000025) for __rt_lib_init_stdio_1
    libinit.o(.ARM.Collect$$libinit$$00000000) refers (Special) to libinit2.o(.ARM.Collect$$libinit$$0000000C) for __rt_lib_init_user_alloc_1
    libspace.o(.text) refers to libspace.o(.bss) for __libspace_start
    rtexit.o(.ARM.Collect$$rtexit$$00000000) refers (Special) to rtexit2.o(.ARM.Collect$$rtexit$$00000004) for __rt_exit_exit
    rtexit.o(.ARM.Collect$$rtexit$$00000000) refers (Special) to rtexit2.o(.ARM.Collect$$rtexit$$00000003) for __rt_exit_ls
    rtexit.o(.ARM.Collect$$rtexit$$00000000) refers (Special) to rtexit2.o(.ARM.Collect$$rtexit$$00000002) for __rt_exit_prels_1
    rtexit.o(.ARM.exidx) refers (Special) to rtexit2.o(.ARM.Collect$$rtexit$$00000004) for __rt_exit_exit
    rtexit.o(.ARM.exidx) refers (Special) to rtexit2.o(.ARM.Collect$$rtexit$$00000003) for __rt_exit_ls
    rtexit.o(.ARM.exidx) refers (Special) to rtexit2.o(.ARM.Collect$$rtexit$$00000002) for __rt_exit_prels_1
    rtexit.o(.ARM.exidx) refers to rtexit.o(.ARM.Collect$$rtexit$$00000000) for .ARM.Collect$$rtexit$$00000000
    libinit2.o(.ARM.Collect$$libinit$$00000001) refers to fpinit.o(x$fpl$fpinit) for _fp_init
    libinit2.o(.ARM.Collect$$libinit$$00000010) refers to libinit2.o(.ARM.Collect$$libinit$$0000000F) for .ARM.Collect$$libinit$$0000000F
    libinit2.o(.ARM.Collect$$libinit$$00000012) refers to libinit2.o(.ARM.Collect$$libinit$$0000000F) for .ARM.Collect$$libinit$$0000000F
    libinit2.o(.ARM.Collect$$libinit$$00000014) refers to libinit2.o(.ARM.Collect$$libinit$$0000000F) for .ARM.Collect$$libinit$$0000000F
    libinit2.o(.ARM.Collect$$libinit$$00000016) refers to libinit2.o(.ARM.Collect$$libinit$$0000000F) for .ARM.Collect$$libinit$$0000000F
    libinit2.o(.ARM.Collect$$libinit$$00000018) refers to libinit2.o(.ARM.Collect$$libinit$$0000000F) for .ARM.Collect$$libinit$$0000000F
    libinit2.o(.ARM.Collect$$libinit$$00000026) refers to argv_veneer.o(.emb_text) for __ARM_argv_veneer
    libinit2.o(.ARM.Collect$$libinit$$00000027) refers to argv_veneer.o(.emb_text) for __ARM_argv_veneer
    rtexit2.o(.ARM.Collect$$rtexit$$00000003) refers to libshutdown.o(.ARM.Collect$$libshutdown$$00000000) for __rt_lib_shutdown
    rtexit2.o(.ARM.Collect$$rtexit$$00000004) refers to sys_exit.o(.text) for _sys_exit
    rtexit2.o(.ARM.exidx) refers to rtexit2.o(.ARM.Collect$$rtexit$$00000001) for .ARM.Collect$$rtexit$$00000001
    rtexit2.o(.ARM.exidx) refers to rtexit2.o(.ARM.Collect$$rtexit$$00000003) for .ARM.Collect$$rtexit$$00000003
    rtexit2.o(.ARM.exidx) refers to rtexit2.o(.ARM.Collect$$rtexit$$00000004) for .ARM.Collect$$rtexit$$00000004
    argv_veneer.o(.emb_text) refers to no_argv.o(.text) for __ARM_get_argv
    sys_exit.o(.text) refers (Special) to use_no_semi.o(.text) for __I$use$semihosting
    sys_exit.o(.text) refers (Special) to indicate_semi.o(.text) for __semihosting_library_function
    _get_argv_nomalloc.o(.text) refers (Special) to hrguard.o(.text) for __heap_region$guard
    _get_argv_nomalloc.o(.text) refers to defsig_rtmem_outer.o(.text) for __rt_SIGRTMEM
    _get_argv_nomalloc.o(.text) refers to sys_command.o(.text) for _sys_command_string
    libshutdown.o(.ARM.Collect$$libshutdown$$00000000) refers (Special) to libshutdown2.o(.ARM.Collect$$libshutdown$$00000004) for __rt_lib_shutdown_cpp_1
    libshutdown.o(.ARM.Collect$$libshutdown$$00000000) refers (Special) to libshutdown2.o(.ARM.Collect$$libshutdown$$00000002) for __rt_lib_shutdown_fini_1
    libshutdown.o(.ARM.Collect$$libshutdown$$00000000) refers (Special) to libshutdown2.o(.ARM.Collect$$libshutdown$$00000009) for __rt_lib_shutdown_fp_trap_1
    libshutdown.o(.ARM.Collect$$libshutdown$$00000000) refers (Special) to libshutdown2.o(.ARM.Collect$$libshutdown$$00000011) for __rt_lib_shutdown_heap_1
    libshutdown.o(.ARM.Collect$$libshutdown$$00000000) refers (Special) to libshutdown2.o(.ARM.Collect$$libshutdown$$00000012) for __rt_lib_shutdown_return
    libshutdown.o(.ARM.Collect$$libshutdown$$00000000) refers (Special) to libshutdown2.o(.ARM.Collect$$libshutdown$$0000000C) for __rt_lib_shutdown_signal_1
    libshutdown.o(.ARM.Collect$$libshutdown$$00000000) refers (Special) to libshutdown2.o(.ARM.Collect$$libshutdown$$00000006) for __rt_lib_shutdown_stdio_1
    libshutdown.o(.ARM.Collect$$libshutdown$$00000000) refers (Special) to libshutdown2.o(.ARM.Collect$$libshutdown$$0000000E) for __rt_lib_shutdown_user_alloc_1
    sys_command.o(.text) refers (Special) to use_no_semi.o(.text) for __I$use$semihosting
    sys_command.o(.text) refers (Special) to indicate_semi.o(.text) for __semihosting_library_function
    defsig_rtmem_outer.o(.text) refers to defsig_rtmem_inner.o(.text) for __rt_SIGRTMEM_inner
    defsig_rtmem_outer.o(.text) refers to defsig_exit.o(.text) for __sig_exit
    defsig_rtmem_formal.o(.text) refers to rt_raise.o(.text) for __rt_raise
    rt_raise.o(.text) refers to __raise.o(.text) for __raise
    rt_raise.o(.text) refers to sys_exit.o(.text) for _sys_exit
    defsig_exit.o(.text) refers to sys_exit.o(.text) for _sys_exit
    defsig_rtmem_inner.o(.text) refers to defsig_general.o(.text) for __default_signal_display
    __raise.o(.text) refers to defsig.o(CL$$defsig) for __default_signal_handler
    defsig_general.o(.text) refers to sys_wrch.o(.text) for _ttywrch
    sys_wrch.o(.text) refers (Special) to use_no_semi.o(.text) for __I$use$semihosting
    sys_wrch.o(.text) refers (Special) to indicate_semi.o(.text) for __semihosting_library_function
    defsig.o(CL$$defsig) refers to defsig_rtmem_inner.o(.text) for __rt_SIGRTMEM_inner
    defsig_abrt_inner.o(.text) refers to defsig_general.o(.text) for __default_signal_display
    defsig_fpe_inner.o(.text) refers to defsig_general.o(.text) for __default_signal_display
    defsig_rtred_inner.o(.text) refers to defsig_general.o(.text) for __default_signal_display
    defsig_stak_inner.o(.text) refers to defsig_general.o(.text) for __default_signal_display
    defsig_pvfn_inner.o(.text) refers to defsig_general.o(.text) for __default_signal_display
    defsig_cppl_inner.o(.text) refers to defsig_general.o(.text) for __default_signal_display
    defsig_segv_inner.o(.text) refers to defsig_general.o(.text) for __default_signal_display
    defsig_other.o(.text) refers to defsig_general.o(.text) for __default_signal_display


==============================================================================

Removing Unused input sections from the image.

    Removing main.o(.rev16_text), (4 bytes).
    Removing main.o(.revsh_text), (4 bytes).
    Removing main.o(.rrx_text), (6 bytes).
    Removing main.o(.bss), (64 bytes).
    Removing register.o(.text), (0 bytes).
    Removing drivers.o(.rev16_text), (4 bytes).
    Removing drivers.o(.revsh_text), (4 bytes).
    Removing drivers.o(.rrx_text), (6 bytes).
    Removing drivers.o(i.Md), (2 bytes).
    Removing drivers.o(i.Mm), (2 bytes).
    Removing drivers.o(i.Rd_get), (8 bytes).
    Removing drivers.o(i.Rm_mod), (2 bytes).
    Removing drivers.o(i.iomap), (2 bytes).
    Removing system_stm32f3xx.o(.rev16_text), (4 bytes).
    Removing system_stm32f3xx.o(.revsh_text), (4 bytes).
    Removing system_stm32f3xx.o(.rrx_text), (6 bytes).

16 unused section(s) (total 122 bytes) removed from the image.

==============================================================================

Image Symbol Table

    Local Symbols

    Symbol Name                              Value     Ov Type        Size  Object(Section)

    ../clib/angel/boardlib.s                 0x00000000   Number         0  boardinit2.o ABSOLUTE
    ../clib/angel/boardlib.s                 0x00000000   Number         0  boardshut.o ABSOLUTE
    ../clib/angel/boardlib.s                 0x00000000   Number         0  boardinit1.o ABSOLUTE
    ../clib/angel/boardlib.s                 0x00000000   Number         0  boardinit3.o ABSOLUTE
    ../clib/angel/handlers.s                 0x00000000   Number         0  __scatter_zi.o ABSOLUTE
    ../clib/angel/handlers.s                 0x00000000   Number         0  __scatter_copy.o ABSOLUTE
    ../clib/angel/kernel.s                   0x00000000   Number         0  __rtentry.o ABSOLUTE
    ../clib/angel/kernel.s                   0x00000000   Number         0  rtexit2.o ABSOLUTE
    ../clib/angel/kernel.s                   0x00000000   Number         0  __rtentry4.o ABSOLUTE
    ../clib/angel/kernel.s                   0x00000000   Number         0  __rtentry2.o ABSOLUTE
    ../clib/angel/kernel.s                   0x00000000   Number         0  rtexit.o ABSOLUTE
    ../clib/angel/rt.s                       0x00000000   Number         0  rt_raise.o ABSOLUTE
    ../clib/angel/scatter.s                  0x00000000   Number         0  __scatter.o ABSOLUTE
    ../clib/angel/startup.s                  0x00000000   Number         0  __main.o ABSOLUTE
    ../clib/angel/sys.s                      0x00000000   Number         0  sys_stackheap_outer.o ABSOLUTE
    ../clib/angel/sys.s                      0x00000000   Number         0  indicate_semi.o ABSOLUTE
    ../clib/angel/sys.s                      0x00000000   Number         0  use_no_semi.o ABSOLUTE
    ../clib/angel/sys.s                      0x00000000   Number         0  libspace.o ABSOLUTE
    ../clib/angel/sysapp.c                   0x00000000   Number         0  sys_wrch.o ABSOLUTE
    ../clib/angel/sysapp.c                   0x00000000   Number         0  sys_exit.o ABSOLUTE
    ../clib/angel/sysapp.c                   0x00000000   Number         0  sys_command.o ABSOLUTE
    ../clib/armsys.c                         0x00000000   Number         0  argv_veneer.o ABSOLUTE
    ../clib/armsys.c                         0x00000000   Number         0  _get_argv_nomalloc.o ABSOLUTE
    ../clib/armsys.c                         0x00000000   Number         0  argv_veneer.o ABSOLUTE
    ../clib/armsys.c                         0x00000000   Number         0  no_argv.o ABSOLUTE
    ../clib/heapalloc.c                      0x00000000   Number         0  hrguard.o ABSOLUTE
    ../clib/heapaux.c                        0x00000000   Number         0  heapauxi.o ABSOLUTE
    ../clib/libinit.s                        0x00000000   Number         0  libinit2.o ABSOLUTE
    ../clib/libinit.s                        0x00000000   Number         0  libshutdown2.o ABSOLUTE
    ../clib/libinit.s                        0x00000000   Number         0  libshutdown.o ABSOLUTE
    ../clib/libinit.s                        0x00000000   Number         0  libinit.o ABSOLUTE
    ../clib/memcpset.s                       0x00000000   Number         0  strcmpv7m.o ABSOLUTE
    ../clib/signal.c                         0x00000000   Number         0  defsig_rtmem_formal.o ABSOLUTE
    ../clib/signal.c                         0x00000000   Number         0  defsig_exit.o ABSOLUTE
    ../clib/signal.c                         0x00000000   Number         0  defsig_rtmem_outer.o ABSOLUTE
    ../clib/signal.c                         0x00000000   Number         0  defsig_general.o ABSOLUTE
    ../clib/signal.c                         0x00000000   Number         0  defsig_rtred_inner.o ABSOLUTE
    ../clib/signal.c                         0x00000000   Number         0  defsig_fpe_inner.o ABSOLUTE
    ../clib/signal.c                         0x00000000   Number         0  defsig_abrt_inner.o ABSOLUTE
    ../clib/signal.c                         0x00000000   Number         0  defsig_stak_inner.o ABSOLUTE
    ../clib/signal.c                         0x00000000   Number         0  defsig_pvfn_inner.o ABSOLUTE
    ../clib/signal.c                         0x00000000   Number         0  defsig_cppl_inner.o ABSOLUTE
    ../clib/signal.c                         0x00000000   Number         0  defsig_segv_inner.o ABSOLUTE
    ../clib/signal.c                         0x00000000   Number         0  defsig_other.o ABSOLUTE
    ../clib/signal.c                         0x00000000   Number         0  __raise.o ABSOLUTE
    ../clib/signal.c                         0x00000000   Number         0  defsig_rtmem_inner.o ABSOLUTE
    ../clib/signal.s                         0x00000000   Number         0  defsig.o ABSOLUTE
    ../clib/stdlib.c                         0x00000000   Number         0  exit.o ABSOLUTE
    ../clib/string.c                         0x00000000   Number         0  strcspn.o ABSOLUTE
    ../clib/string.c                         0x00000000   Number         0  strspn.o ABSOLUTE
    ../clib/string.c                         0x00000000   Number         0  strtok.o ABSOLUTE
    ../clib/string.c                         0x00000000   Number         0  strtok_int.o ABSOLUTE
    ../fplib/fpinit.s                        0x00000000   Number         0  fpinit.o ABSOLUTE
    RTE\Device\STM32F303VCTx\startup_stm32f303xc.s 0x00000000   Number         0  startup_stm32f303xc.o ABSOLUTE
    RTE\Device\STM32F303VCTx\system_stm32f3xx.c 0x00000000   Number         0  system_stm32f3xx.o ABSOLUTE
    RTE\\Device\\STM32F303VCTx\\system_stm32f3xx.c 0x00000000   Number         0  system_stm32f3xx.o ABSOLUTE
    dc.s                                     0x00000000   Number         0  dc.o ABSOLUTE
    drivers.c                                0x00000000   Number         0  drivers.o ABSOLUTE
    drivers.c                                0x00000000   Number         0  drivers.o ABSOLUTE
    main.c                                   0x00000000   Number         0  main.o ABSOLUTE
    main.c                                   0x00000000   Number         0  main.o ABSOLUTE
    register.s                               0x00000000   Number         0  register.o ABSOLUTE
    RESET                                    0x08000000   Section      392  startup_stm32f303xc.o(RESET)
    !!!main                                  0x08000188   Section        8  __main.o(!!!main)
    !!!scatter                               0x08000190   Section       52  __scatter.o(!!!scatter)
    !!handler_copy                           0x080001c4   Section       26  __scatter_copy.o(!!handler_copy)
    !!handler_zi                             0x080001e0   Section       28  __scatter_zi.o(!!handler_zi)
    .ARM.Collect$$libinit$$00000000          0x080001fc   Section        2  libinit.o(.ARM.Collect$$libinit$$00000000)
    .ARM.Collect$$libinit$$00000001          0x080001fe   Section        4  libinit2.o(.ARM.Collect$$libinit$$00000001)
    .ARM.Collect$$libinit$$00000004          0x08000202   Section        0  libinit2.o(.ARM.Collect$$libinit$$00000004)
    .ARM.Collect$$libinit$$0000000A          0x08000202   Section        0  libinit2.o(.ARM.Collect$$libinit$$0000000A)
    .ARM.Collect$$libinit$$0000000C          0x08000202   Section        0  libinit2.o(.ARM.Collect$$libinit$$0000000C)
    .ARM.Collect$$libinit$$0000000E          0x08000202   Section        0  libinit2.o(.ARM.Collect$$libinit$$0000000E)
    .ARM.Collect$$libinit$$00000011          0x08000202   Section        0  libinit2.o(.ARM.Collect$$libinit$$00000011)
    .ARM.Collect$$libinit$$00000013          0x08000202   Section        0  libinit2.o(.ARM.Collect$$libinit$$00000013)
    .ARM.Collect$$libinit$$00000015          0x08000202   Section        0  libinit2.o(.ARM.Collect$$libinit$$00000015)
    .ARM.Collect$$libinit$$00000017          0x08000202   Section        0  libinit2.o(.ARM.Collect$$libinit$$00000017)
    .ARM.Collect$$libinit$$00000019          0x08000202   Section        0  libinit2.o(.ARM.Collect$$libinit$$00000019)
    .ARM.Collect$$libinit$$0000001B          0x08000202   Section        0  libinit2.o(.ARM.Collect$$libinit$$0000001B)
    .ARM.Collect$$libinit$$0000001D          0x08000202   Section        0  libinit2.o(.ARM.Collect$$libinit$$0000001D)
    .ARM.Collect$$libinit$$0000001F          0x08000202   Section        0  libinit2.o(.ARM.Collect$$libinit$$0000001F)
    .ARM.Collect$$libinit$$00000021          0x08000202   Section        0  libinit2.o(.ARM.Collect$$libinit$$00000021)
    .ARM.Collect$$libinit$$00000023          0x08000202   Section        0  libinit2.o(.ARM.Collect$$libinit$$00000023)
    .ARM.Collect$$libinit$$00000025          0x08000202   Section        0  libinit2.o(.ARM.Collect$$libinit$$00000025)
    .ARM.Collect$$libinit$$0000002C          0x08000202   Section        0  libinit2.o(.ARM.Collect$$libinit$$0000002C)
    .ARM.Collect$$libinit$$0000002E          0x08000202   Section        0  libinit2.o(.ARM.Collect$$libinit$$0000002E)
    .ARM.Collect$$libinit$$00000030          0x08000202   Section        0  libinit2.o(.ARM.Collect$$libinit$$00000030)
    .ARM.Collect$$libinit$$00000032          0x08000202   Section        0  libinit2.o(.ARM.Collect$$libinit$$00000032)
    .ARM.Collect$$libinit$$00000033          0x08000202   Section        2  libinit2.o(.ARM.Collect$$libinit$$00000033)
    .ARM.Collect$$libshutdown$$00000000      0x08000204   Section        2  libshutdown.o(.ARM.Collect$$libshutdown$$00000000)
    .ARM.Collect$$libshutdown$$00000002      0x08000206   Section        0  libshutdown2.o(.ARM.Collect$$libshutdown$$00000002)
    .ARM.Collect$$libshutdown$$00000004      0x08000206   Section        0  libshutdown2.o(.ARM.Collect$$libshutdown$$00000004)
    .ARM.Collect$$libshutdown$$00000006      0x08000206   Section        0  libshutdown2.o(.ARM.Collect$$libshutdown$$00000006)
    .ARM.Collect$$libshutdown$$00000009      0x08000206   Section        0  libshutdown2.o(.ARM.Collect$$libshutdown$$00000009)
    .ARM.Collect$$libshutdown$$0000000C      0x08000206   Section        0  libshutdown2.o(.ARM.Collect$$libshutdown$$0000000C)
    .ARM.Collect$$libshutdown$$0000000E      0x08000206   Section        0  libshutdown2.o(.ARM.Collect$$libshutdown$$0000000E)
    .ARM.Collect$$libshutdown$$00000011      0x08000206   Section        0  libshutdown2.o(.ARM.Collect$$libshutdown$$00000011)
    .ARM.Collect$$libshutdown$$00000012      0x08000206   Section        2  libshutdown2.o(.ARM.Collect$$libshutdown$$00000012)
    .ARM.Collect$$rtentry$$00000000          0x08000208   Section        0  __rtentry.o(.ARM.Collect$$rtentry$$00000000)
    .ARM.Collect$$rtentry$$00000002          0x08000208   Section        0  __rtentry2.o(.ARM.Collect$$rtentry$$00000002)
    .ARM.Collect$$rtentry$$00000004          0x08000208   Section        6  __rtentry4.o(.ARM.Collect$$rtentry$$00000004)
    .ARM.Collect$$rtentry$$00000009          0x0800020e   Section        0  __rtentry2.o(.ARM.Collect$$rtentry$$00000009)
    .ARM.Collect$$rtentry$$0000000A          0x0800020e   Section        4  __rtentry2.o(.ARM.Collect$$rtentry$$0000000A)
    .ARM.Collect$$rtentry$$0000000C          0x08000212   Section        0  __rtentry2.o(.ARM.Collect$$rtentry$$0000000C)
    .ARM.Collect$$rtentry$$0000000D          0x08000212   Section        8  __rtentry2.o(.ARM.Collect$$rtentry$$0000000D)
    .ARM.Collect$$rtexit$$00000000           0x0800021a   Section        2  rtexit.o(.ARM.Collect$$rtexit$$00000000)
    .ARM.Collect$$rtexit$$00000002           0x0800021c   Section        0  rtexit2.o(.ARM.Collect$$rtexit$$00000002)
    .ARM.Collect$$rtexit$$00000003           0x0800021c   Section        4  rtexit2.o(.ARM.Collect$$rtexit$$00000003)
    .ARM.Collect$$rtexit$$00000004           0x08000220   Section        6  rtexit2.o(.ARM.Collect$$rtexit$$00000004)
    .text                                    0x08000228   Section       64  startup_stm32f303xc.o(.text)
    $v0                                      0x08000228   Number         0  startup_stm32f303xc.o(.text)
    .text                                    0x08000268   Section        0  strtok.o(.text)
    .text                                    0x08000274   Section      128  strcmpv7m.o(.text)
    .text                                    0x080002f4   Section        0  heapauxi.o(.text)
    .text                                    0x080002fc   Section        0  strtok_int.o(.text)
    .text                                    0x08000340   Section        0  strcspn.o(.text)
    .text                                    0x08000360   Section        0  strspn.o(.text)
    .text                                    0x0800037c   Section       74  sys_stackheap_outer.o(.text)
    .text                                    0x080003c6   Section        0  exit.o(.text)
    .text                                    0x080003d8   Section        8  libspace.o(.text)
    .text                                    0x080003e0   Section        0  sys_exit.o(.text)
    .text                                    0x080003ec   Section        2  use_no_semi.o(.text)
    .text                                    0x080003ee   Section        0  indicate_semi.o(.text)
    i.Read_uart                              0x080003f0   Section        0  drivers.o(i.Read_uart)
    i.SystemCoreClockUpdate                  0x0800044c   Section        0  system_stm32f3xx.o(i.SystemCoreClockUpdate)
    i.SystemInit                             0x080004ec   Section        0  system_stm32f3xx.o(i.SystemInit)
    i.USART1_IRQHandler                      0x08000568   Section        0  drivers.o(i.USART1_IRQHandler)
    i.USART1_config                          0x080005d0   Section        0  drivers.o(i.USART1_config)
    i.USART1_putString                       0x08000670   Section        0  drivers.o(i.USART1_putString)
    i.USART1_send                            0x08000688   Section        0  drivers.o(i.USART1_send)
    i.clear                                  0x080006a4   Section        0  drivers.o(i.clear)
    i.clk_config                             0x080006b8   Section        0  drivers.o(i.clk_config)
    i.help                                   0x08000718   Section        0  drivers.o(i.help)
    i.main                                   0x080007b0   Section        0  main.o(i.main)
    i.opciones                               0x0800099c   Section        0  drivers.o(i.opciones)
    i.printconsol                            0x08000a14   Section        0  drivers.o(i.printconsol)
    x$fpl$fpinit                             0x08000a2c   Section       10  fpinit.o(x$fpl$fpinit)
    $v0                                      0x08000a2c   Number         0  fpinit.o(x$fpl$fpinit)
    .constdata                               0x08000a36   Section       24  system_stm32f3xx.o(.constdata)
    .conststring                             0x08000a50   Section      156  main.o(.conststring)
    .conststring                             0x08000aec   Section       98  drivers.o(.conststring)
    .data                                    0x20000000   Section       26  drivers.o(.data)
    .data                                    0x2000001c   Section        4  system_stm32f3xx.o(.data)
    .data                                    0x20000020   Section        4  strtok.o(.data)
    _strtok_saves1                           0x20000020   Data           4  strtok.o(.data)
    .bss                                     0x20000024   Section       32  drivers.o(.bss)
    .bss                                     0x20000044   Section       96  libspace.o(.bss)
    HEAP                                     0x200000a8   Section      512  startup_stm32f303xc.o(HEAP)
    Heap_Mem                                 0x200000a8   Data         512  startup_stm32f303xc.o(HEAP)
    STACK                                    0x200002a8   Section     1024  startup_stm32f303xc.o(STACK)
    Stack_Mem                                0x200002a8   Data        1024  startup_stm32f303xc.o(STACK)
    __initial_sp                             0x200006a8   Data           0  startup_stm32f303xc.o(STACK)

    Global Symbols

    Symbol Name                              Value     Ov Type        Size  Object(Section)

    BuildAttributes$$THM_ISAv4$E$P$D$K$B$S$7EM$VFPi3$EXTD16$VFPS$VFMA$PE$A:L22UL41UL21$X:L11$S22US41US21$IEEE1$IW$USESV6$~STKCKD$USESV7$~SHL$OSPACE$ROPI$EBA8$UX$STANDARDLIB$REQ8$PRES8$EABIv2 0x00000000   Number         0  anon$$obj.o ABSOLUTE
    __ARM_use_no_argv                        0x00000000   Number         0  main.o ABSOLUTE
    __ARM_exceptions_init                     - Undefined Weak Reference
    __alloca_initialize                       - Undefined Weak Reference
    __arm_fini_                               - Undefined Weak Reference
    __arm_preinit_                            - Undefined Weak Reference
    __cpp_initialize__aeabi_                  - Undefined Weak Reference
    __cxa_finalize                            - Undefined Weak Reference
    __rt_locale                               - Undefined Weak Reference
    __sigvec_lookup                           - Undefined Weak Reference
    _atexit_init                              - Undefined Weak Reference
    _call_atexit_fns                          - Undefined Weak Reference
    _clock_init                               - Undefined Weak Reference
    _fp_trap_init                             - Undefined Weak Reference
    _fp_trap_shutdown                         - Undefined Weak Reference
    _get_lc_collate                           - Undefined Weak Reference
    _get_lc_ctype                             - Undefined Weak Reference
    _get_lc_monetary                          - Undefined Weak Reference
    _get_lc_numeric                           - Undefined Weak Reference
    _get_lc_time                              - Undefined Weak Reference
    _getenv_init                              - Undefined Weak Reference
    _handle_redirection                       - Undefined Weak Reference
    _init_alloc                               - Undefined Weak Reference
    _init_user_alloc                          - Undefined Weak Reference
    _initio                                   - Undefined Weak Reference
    _rand_init                                - Undefined Weak Reference
    _signal_finish                            - Undefined Weak Reference
    _signal_init                              - Undefined Weak Reference
    _terminate_alloc                          - Undefined Weak Reference
    _terminate_user_alloc                     - Undefined Weak Reference
    _terminateio                              - Undefined Weak Reference
    __Vectors_Size                           0x00000188   Number         0  startup_stm32f303xc.o ABSOLUTE
    __Vectors                                0x08000000   Data           4  startup_stm32f303xc.o(RESET)
    __Vectors_End                            0x08000188   Data           0  startup_stm32f303xc.o(RESET)
    __main                                   0x08000189   Thumb Code     8  __main.o(!!!main)
    __scatterload                            0x08000191   Thumb Code     0  __scatter.o(!!!scatter)
    __scatterload_rt2                        0x08000191   Thumb Code    44  __scatter.o(!!!scatter)
    __scatterload_rt2_thumb_only             0x08000191   Thumb Code     0  __scatter.o(!!!scatter)
    __scatterload_null                       0x0800019f   Thumb Code     0  __scatter.o(!!!scatter)
    __scatterload_copy                       0x080001c5   Thumb Code    26  __scatter_copy.o(!!handler_copy)
    __scatterload_zeroinit                   0x080001e1   Thumb Code    28  __scatter_zi.o(!!handler_zi)
    __rt_lib_init                            0x080001fd   Thumb Code     0  libinit.o(.ARM.Collect$$libinit$$00000000)
    __rt_lib_init_fp_1                       0x080001ff   Thumb Code     0  libinit2.o(.ARM.Collect$$libinit$$00000001)
    __rt_lib_init_alloca_1                   0x08000203   Thumb Code     0  libinit2.o(.ARM.Collect$$libinit$$0000002E)
    __rt_lib_init_argv_1                     0x08000203   Thumb Code     0  libinit2.o(.ARM.Collect$$libinit$$0000002C)
    __rt_lib_init_atexit_1                   0x08000203   Thumb Code     0  libinit2.o(.ARM.Collect$$libinit$$0000001B)
    __rt_lib_init_clock_1                    0x08000203   Thumb Code     0  libinit2.o(.ARM.Collect$$libinit$$00000021)
    __rt_lib_init_cpp_1                      0x08000203   Thumb Code     0  libinit2.o(.ARM.Collect$$libinit$$00000032)
    __rt_lib_init_exceptions_1               0x08000203   Thumb Code     0  libinit2.o(.ARM.Collect$$libinit$$00000030)
    __rt_lib_init_fp_trap_1                  0x08000203   Thumb Code     0  libinit2.o(.ARM.Collect$$libinit$$0000001F)
    __rt_lib_init_getenv_1                   0x08000203   Thumb Code     0  libinit2.o(.ARM.Collect$$libinit$$00000023)
    __rt_lib_init_heap_1                     0x08000203   Thumb Code     0  libinit2.o(.ARM.Collect$$libinit$$0000000A)
    __rt_lib_init_lc_collate_1               0x08000203   Thumb Code     0  libinit2.o(.ARM.Collect$$libinit$$00000011)
    __rt_lib_init_lc_ctype_1                 0x08000203   Thumb Code     0  libinit2.o(.ARM.Collect$$libinit$$00000013)
    __rt_lib_init_lc_monetary_1              0x08000203   Thumb Code     0  libinit2.o(.ARM.Collect$$libinit$$00000015)
    __rt_lib_init_lc_numeric_1               0x08000203   Thumb Code     0  libinit2.o(.ARM.Collect$$libinit$$00000017)
    __rt_lib_init_lc_time_1                  0x08000203   Thumb Code     0  libinit2.o(.ARM.Collect$$libinit$$00000019)
    __rt_lib_init_preinit_1                  0x08000203   Thumb Code     0  libinit2.o(.ARM.Collect$$libinit$$00000004)
    __rt_lib_init_rand_1                     0x08000203   Thumb Code     0  libinit2.o(.ARM.Collect$$libinit$$0000000E)
    __rt_lib_init_return                     0x08000203   Thumb Code     0  libinit2.o(.ARM.Collect$$libinit$$00000033)
    __rt_lib_init_signal_1                   0x08000203   Thumb Code     0  libinit2.o(.ARM.Collect$$libinit$$0000001D)
    __rt_lib_init_stdio_1                    0x08000203   Thumb Code     0  libinit2.o(.ARM.Collect$$libinit$$00000025)
    __rt_lib_init_user_alloc_1               0x08000203   Thumb Code     0  libinit2.o(.ARM.Collect$$libinit$$0000000C)
    __rt_lib_shutdown                        0x08000205   Thumb Code     0  libshutdown.o(.ARM.Collect$$libshutdown$$00000000)
    __rt_lib_shutdown_cpp_1                  0x08000207   Thumb Code     0  libshutdown2.o(.ARM.Collect$$libshutdown$$00000004)
    __rt_lib_shutdown_fini_1                 0x08000207   Thumb Code     0  libshutdown2.o(.ARM.Collect$$libshutdown$$00000002)
    __rt_lib_shutdown_fp_trap_1              0x08000207   Thumb Code     0  libshutdown2.o(.ARM.Collect$$libshutdown$$00000009)
    __rt_lib_shutdown_heap_1                 0x08000207   Thumb Code     0  libshutdown2.o(.ARM.Collect$$libshutdown$$00000011)
    __rt_lib_shutdown_return                 0x08000207   Thumb Code     0  libshutdown2.o(.ARM.Collect$$libshutdown$$00000012)
    __rt_lib_shutdown_signal_1               0x08000207   Thumb Code     0  libshutdown2.o(.ARM.Collect$$libshutdown$$0000000C)
    __rt_lib_shutdown_stdio_1                0x08000207   Thumb Code     0  libshutdown2.o(.ARM.Collect$$libshutdown$$00000006)
    __rt_lib_shutdown_user_alloc_1           0x08000207   Thumb Code     0  libshutdown2.o(.ARM.Collect$$libshutdown$$0000000E)
    __rt_entry                               0x08000209   Thumb Code     0  __rtentry.o(.ARM.Collect$$rtentry$$00000000)
    __rt_entry_presh_1                       0x08000209   Thumb Code     0  __rtentry2.o(.ARM.Collect$$rtentry$$00000002)
    __rt_entry_sh                            0x08000209   Thumb Code     0  __rtentry4.o(.ARM.Collect$$rtentry$$00000004)
    __rt_entry_li                            0x0800020f   Thumb Code     0  __rtentry2.o(.ARM.Collect$$rtentry$$0000000A)
    __rt_entry_postsh_1                      0x0800020f   Thumb Code     0  __rtentry2.o(.ARM.Collect$$rtentry$$00000009)
    __rt_entry_main                          0x08000213   Thumb Code     0  __rtentry2.o(.ARM.Collect$$rtentry$$0000000D)
    __rt_entry_postli_1                      0x08000213   Thumb Code     0  __rtentry2.o(.ARM.Collect$$rtentry$$0000000C)
    __rt_exit                                0x0800021b   Thumb Code     0  rtexit.o(.ARM.Collect$$rtexit$$00000000)
    __rt_exit_ls                             0x0800021d   Thumb Code     0  rtexit2.o(.ARM.Collect$$rtexit$$00000003)
    __rt_exit_prels_1                        0x0800021d   Thumb Code     0  rtexit2.o(.ARM.Collect$$rtexit$$00000002)
    __rt_exit_exit                           0x08000221   Thumb Code     0  rtexit2.o(.ARM.Collect$$rtexit$$00000004)
    Reset_Handler                            0x08000229   Thumb Code     8  startup_stm32f303xc.o(.text)
    NMI_Handler                              0x08000231   Thumb Code     2  startup_stm32f303xc.o(.text)
    HardFault_Handler                        0x08000233   Thumb Code     2  startup_stm32f303xc.o(.text)
    MemManage_Handler                        0x08000235   Thumb Code     2  startup_stm32f303xc.o(.text)
    BusFault_Handler                         0x08000237   Thumb Code     2  startup_stm32f303xc.o(.text)
    UsageFault_Handler                       0x08000239   Thumb Code     2  startup_stm32f303xc.o(.text)
    SVC_Handler                              0x0800023b   Thumb Code     2  startup_stm32f303xc.o(.text)
    DebugMon_Handler                         0x0800023d   Thumb Code     2  startup_stm32f303xc.o(.text)
    PendSV_Handler                           0x0800023f   Thumb Code     2  startup_stm32f303xc.o(.text)
    SysTick_Handler                          0x08000241   Thumb Code     2  startup_stm32f303xc.o(.text)
    ADC1_2_IRQHandler                        0x08000243   Thumb Code     0  startup_stm32f303xc.o(.text)
    ADC3_IRQHandler                          0x08000243   Thumb Code     0  startup_stm32f303xc.o(.text)
    ADC4_IRQHandler                          0x08000243   Thumb Code     0  startup_stm32f303xc.o(.text)
    CAN_RX1_IRQHandler                       0x08000243   Thumb Code     0  startup_stm32f303xc.o(.text)
    CAN_SCE_IRQHandler                       0x08000243   Thumb Code     0  startup_stm32f303xc.o(.text)
    COMP1_2_3_IRQHandler                     0x08000243   Thumb Code     0  startup_stm32f303xc.o(.text)
    COMP4_5_6_IRQHandler                     0x08000243   Thumb Code     0  startup_stm32f303xc.o(.text)
    COMP7_IRQHandler                         0x08000243   Thumb Code     0  startup_stm32f303xc.o(.text)
    DMA1_Channel1_IRQHandler                 0x08000243   Thumb Code     0  startup_stm32f303xc.o(.text)
    DMA1_Channel2_IRQHandler                 0x08000243   Thumb Code     0  startup_stm32f303xc.o(.text)
    DMA1_Channel3_IRQHandler                 0x08000243   Thumb Code     0  startup_stm32f303xc.o(.text)
    DMA1_Channel4_IRQHandler                 0x08000243   Thumb Code     0  startup_stm32f303xc.o(.text)
    DMA1_Channel5_IRQHandler                 0x08000243   Thumb Code     0  startup_stm32f303xc.o(.text)
    DMA1_Channel6_IRQHandler                 0x08000243   Thumb Code     0  startup_stm32f303xc.o(.text)
    DMA1_Channel7_IRQHandler                 0x08000243   Thumb Code     0  startup_stm32f303xc.o(.text)
    DMA2_Channel1_IRQHandler                 0x08000243   Thumb Code     0  startup_stm32f303xc.o(.text)
    DMA2_Channel2_IRQHandler                 0x08000243   Thumb Code     0  startup_stm32f303xc.o(.text)
    DMA2_Channel3_IRQHandler                 0x08000243   Thumb Code     0  startup_stm32f303xc.o(.text)
    DMA2_Channel4_IRQHandler                 0x08000243   Thumb Code     0  startup_stm32f303xc.o(.text)
    DMA2_Channel5_IRQHandler                 0x08000243   Thumb Code     0  startup_stm32f303xc.o(.text)
    EXTI0_IRQHandler                         0x08000243   Thumb Code     0  startup_stm32f303xc.o(.text)
    EXTI15_10_IRQHandler                     0x08000243   Thumb Code     0  startup_stm32f303xc.o(.text)
    EXTI1_IRQHandler                         0x08000243   Thumb Code     0  startup_stm32f303xc.o(.text)
    EXTI2_TSC_IRQHandler                     0x08000243   Thumb Code     0  startup_stm32f303xc.o(.text)
    EXTI3_IRQHandler                         0x08000243   Thumb Code     0  startup_stm32f303xc.o(.text)
    EXTI4_IRQHandler                         0x08000243   Thumb Code     0  startup_stm32f303xc.o(.text)
    EXTI9_5_IRQHandler                       0x08000243   Thumb Code     0  startup_stm32f303xc.o(.text)
    FLASH_IRQHandler                         0x08000243   Thumb Code     0  startup_stm32f303xc.o(.text)
    FPU_IRQHandler                           0x08000243   Thumb Code     0  startup_stm32f303xc.o(.text)
    I2C1_ER_IRQHandler                       0x08000243   Thumb Code     0  startup_stm32f303xc.o(.text)
    I2C1_EV_IRQHandler                       0x08000243   Thumb Code     0  startup_stm32f303xc.o(.text)
    I2C2_ER_IRQHandler                       0x08000243   Thumb Code     0  startup_stm32f303xc.o(.text)
    I2C2_EV_IRQHandler                       0x08000243   Thumb Code     0  startup_stm32f303xc.o(.text)
    PVD_IRQHandler                           0x08000243   Thumb Code     0  startup_stm32f303xc.o(.text)
    RCC_IRQHandler                           0x08000243   Thumb Code     0  startup_stm32f303xc.o(.text)
    RTC_Alarm_IRQHandler                     0x08000243   Thumb Code     0  startup_stm32f303xc.o(.text)
    RTC_WKUP_IRQHandler                      0x08000243   Thumb Code     0  startup_stm32f303xc.o(.text)
    SPI1_IRQHandler                          0x08000243   Thumb Code     0  startup_stm32f303xc.o(.text)
    SPI2_IRQHandler                          0x08000243   Thumb Code     0  startup_stm32f303xc.o(.text)
    SPI3_IRQHandler                          0x08000243   Thumb Code     0  startup_stm32f303xc.o(.text)
    TAMP_STAMP_IRQHandler                    0x08000243   Thumb Code     0  startup_stm32f303xc.o(.text)
    TIM1_BRK_TIM15_IRQHandler                0x08000243   Thumb Code     0  startup_stm32f303xc.o(.text)
    TIM1_CC_IRQHandler                       0x08000243   Thumb Code     0  startup_stm32f303xc.o(.text)
    TIM1_TRG_COM_TIM17_IRQHandler            0x08000243   Thumb Code     0  startup_stm32f303xc.o(.text)
    TIM1_UP_TIM16_IRQHandler                 0x08000243   Thumb Code     0  startup_stm32f303xc.o(.text)
    TIM2_IRQHandler                          0x08000243   Thumb Code     0  startup_stm32f303xc.o(.text)
    TIM3_IRQHandler                          0x08000243   Thumb Code     0  startup_stm32f303xc.o(.text)
    TIM4_IRQHandler                          0x08000243   Thumb Code     0  startup_stm32f303xc.o(.text)
    TIM6_DAC_IRQHandler                      0x08000243   Thumb Code     0  startup_stm32f303xc.o(.text)
    TIM7_IRQHandler                          0x08000243   Thumb Code     0  startup_stm32f303xc.o(.text)
    TIM8_BRK_IRQHandler                      0x08000243   Thumb Code     0  startup_stm32f303xc.o(.text)
    TIM8_CC_IRQHandler                       0x08000243   Thumb Code     0  startup_stm32f303xc.o(.text)
    TIM8_TRG_COM_IRQHandler                  0x08000243   Thumb Code     0  startup_stm32f303xc.o(.text)
    TIM8_UP_IRQHandler                       0x08000243   Thumb Code     0  startup_stm32f303xc.o(.text)
    UART4_IRQHandler                         0x08000243   Thumb Code     0  startup_stm32f303xc.o(.text)
    UART5_IRQHandler                         0x08000243   Thumb Code     0  startup_stm32f303xc.o(.text)
    USART2_IRQHandler                        0x08000243   Thumb Code     0  startup_stm32f303xc.o(.text)
    USART3_IRQHandler                        0x08000243   Thumb Code     0  startup_stm32f303xc.o(.text)
    USBWakeUp_IRQHandler                     0x08000243   Thumb Code     0  startup_stm32f303xc.o(.text)
    USBWakeUp_RMP_IRQHandler                 0x08000243   Thumb Code     0  startup_stm32f303xc.o(.text)
    USB_HP_CAN_TX_IRQHandler                 0x08000243   Thumb Code     0  startup_stm32f303xc.o(.text)
    USB_HP_IRQHandler                        0x08000243   Thumb Code     0  startup_stm32f303xc.o(.text)
    USB_LP_CAN_RX0_IRQHandler                0x08000243   Thumb Code     0  startup_stm32f303xc.o(.text)
    USB_LP_IRQHandler                        0x08000243   Thumb Code     0  startup_stm32f303xc.o(.text)
    WWDG_IRQHandler                          0x08000243   Thumb Code     0  startup_stm32f303xc.o(.text)
    __user_initial_stackheap                 0x08000245   Thumb Code     0  startup_stm32f303xc.o(.text)
    strtok                                   0x08000269   Thumb Code     6  strtok.o(.text)
    strcmp                                   0x08000275   Thumb Code   128  strcmpv7m.o(.text)
    __use_two_region_memory                  0x080002f5   Thumb Code     2  heapauxi.o(.text)
    __rt_heap_escrow$2region                 0x080002f7   Thumb Code     2  heapauxi.o(.text)
    __rt_heap_expand$2region                 0x080002f9   Thumb Code     2  heapauxi.o(.text)
    __strtok_internal                        0x080002fd   Thumb Code    64  strtok_int.o(.text)
    strcspn                                  0x08000341   Thumb Code    32  strcspn.o(.text)
    strspn                                   0x08000361   Thumb Code    28  strspn.o(.text)
    __user_setup_stackheap                   0x0800037d   Thumb Code    74  sys_stackheap_outer.o(.text)
    exit                                     0x080003c7   Thumb Code    18  exit.o(.text)
    __user_libspace                          0x080003d9   Thumb Code     8  libspace.o(.text)
    __user_perproc_libspace                  0x080003d9   Thumb Code     0  libspace.o(.text)
    __user_perthread_libspace                0x080003d9   Thumb Code     0  libspace.o(.text)
    _sys_exit                                0x080003e1   Thumb Code     8  sys_exit.o(.text)
    __I$use$semihosting                      0x080003ed   Thumb Code     0  use_no_semi.o(.text)
    __use_no_semihosting_swi                 0x080003ed   Thumb Code     2  use_no_semi.o(.text)
    __semihosting_library_function           0x080003ef   Thumb Code     0  indicate_semi.o(.text)
    Read_uart                                0x080003f1   Thumb Code    74  drivers.o(i.Read_uart)
    SystemCoreClockUpdate                    0x0800044d   Thumb Code   138  system_stm32f3xx.o(i.SystemCoreClockUpdate)
    SystemInit                               0x080004ed   Thumb Code   104  system_stm32f3xx.o(i.SystemInit)
    USART1_IRQHandler                        0x08000569   Thumb Code    82  drivers.o(i.USART1_IRQHandler)
    USART1_config                            0x080005d1   Thumb Code   142  drivers.o(i.USART1_config)
    USART1_putString                         0x08000671   Thumb Code    22  drivers.o(i.USART1_putString)
    USART1_send                              0x08000689   Thumb Code    22  drivers.o(i.USART1_send)
    clear                                    0x080006a5   Thumb Code    10  drivers.o(i.clear)
    clk_config                               0x080006b9   Thumb Code    86  drivers.o(i.clk_config)
    help                                     0x08000719   Thumb Code    28  drivers.o(i.help)
    main                                     0x080007b1   Thumb Code    80  main.o(i.main)
    opciones                                 0x0800099d   Thumb Code    70  drivers.o(i.opciones)
    printconsol                              0x08000a15   Thumb Code    16  drivers.o(i.printconsol)
    _fp_init                                 0x08000a2d   Thumb Code    10  fpinit.o(x$fpl$fpinit)
    __fplib_config_fpu_vfp                   0x08000a35   Thumb Code     0  fpinit.o(x$fpl$fpinit)
    __fplib_config_pureend_doubles           0x08000a35   Thumb Code     0  fpinit.o(x$fpl$fpinit)
    AHBPrescTable                            0x08000a36   Data          16  system_stm32f3xx.o(.constdata)
    APBPrescTable                            0x08000a46   Data           8  system_stm32f3xx.o(.constdata)
    Region$$Table$$Base                      0x08000b50   Number         0  anon$$obj.o(Region$$Table)
    Region$$Table$$Limit                     0x08000b70   Number         0  anon$$obj.o(Region$$Table)
    data                                     0x20000000   Data           1  drivers.o(.data)
    token                                    0x20000004   Data          20  drivers.o(.data)
    n                                        0x20000018   Data           1  drivers.o(.data)
    coman_ready                              0x20000019   Data           1  drivers.o(.data)
    SystemCoreClock                          0x2000001c   Data           4  system_stm32f3xx.o(.data)
    tx_string                                0x20000024   Data          32  drivers.o(.bss)
    __libspace_start                         0x20000044   Data          96  libspace.o(.bss)
    __temporary_stack_top$libspace           0x200000a4   Data           0  libspace.o(.bss)



==============================================================================

Memory Map of the image

  Image Entry point : 0x08000229

  Load Region LR_1 (Base: 0x08000000, Size: 0x00000b94, Max: 0xffffffff, ABSOLUTE)

    Execution Region ER_RO (Exec base: 0x08000000, Load base: 0x08000000, Size: 0x00000b70, Max: 0xffffffff, ABSOLUTE)

    Exec Addr    Load Addr    Size         Type   Attr      Idx    E Section Name        Object

    0x08000000   0x08000000   0x00000188   Data   RO          191    RESET               startup_stm32f303xc.o
    0x08000188   0x08000188   0x00000008   Code   RO          242  * !!!main             c_w.l(__main.o)
    0x08000190   0x08000190   0x00000034   Code   RO          407    !!!scatter          c_w.l(__scatter.o)
    0x080001c4   0x080001c4   0x0000001a   Code   RO          409    !!handler_copy      c_w.l(__scatter_copy.o)
    0x080001de   0x080001de   0x00000002   PAD
    0x080001e0   0x080001e0   0x0000001c   Code   RO          411    !!handler_zi        c_w.l(__scatter_zi.o)
    0x080001fc   0x080001fc   0x00000002   Code   RO          275    .ARM.Collect$$libinit$$00000000  c_w.l(libinit.o)
    0x080001fe   0x080001fe   0x00000004   Code   RO          281    .ARM.Collect$$libinit$$00000001  c_w.l(libinit2.o)
    0x08000202   0x08000202   0x00000000   Code   RO          284    .ARM.Collect$$libinit$$00000004  c_w.l(libinit2.o)
    0x08000202   0x08000202   0x00000000   Code   RO          287    .ARM.Collect$$libinit$$0000000A  c_w.l(libinit2.o)
    0x08000202   0x08000202   0x00000000   Code   RO          289    .ARM.Collect$$libinit$$0000000C  c_w.l(libinit2.o)
    0x08000202   0x08000202   0x00000000   Code   RO          291    .ARM.Collect$$libinit$$0000000E  c_w.l(libinit2.o)
    0x08000202   0x08000202   0x00000000   Code   RO          294    .ARM.Collect$$libinit$$00000011  c_w.l(libinit2.o)
    0x08000202   0x08000202   0x00000000   Code   RO          296    .ARM.Collect$$libinit$$00000013  c_w.l(libinit2.o)
    0x08000202   0x08000202   0x00000000   Code   RO          298    .ARM.Collect$$libinit$$00000015  c_w.l(libinit2.o)
    0x08000202   0x08000202   0x00000000   Code   RO          300    .ARM.Collect$$libinit$$00000017  c_w.l(libinit2.o)
    0x08000202   0x08000202   0x00000000   Code   RO          302    .ARM.Collect$$libinit$$00000019  c_w.l(libinit2.o)
    0x08000202   0x08000202   0x00000000   Code   RO          304    .ARM.Collect$$libinit$$0000001B  c_w.l(libinit2.o)
    0x08000202   0x08000202   0x00000000   Code   RO          306    .ARM.Collect$$libinit$$0000001D  c_w.l(libinit2.o)
    0x08000202   0x08000202   0x00000000   Code   RO          308    .ARM.Collect$$libinit$$0000001F  c_w.l(libinit2.o)
    0x08000202   0x08000202   0x00000000   Code   RO          310    .ARM.Collect$$libinit$$00000021  c_w.l(libinit2.o)
    0x08000202   0x08000202   0x00000000   Code   RO          312    .ARM.Collect$$libinit$$00000023  c_w.l(libinit2.o)
    0x08000202   0x08000202   0x00000000   Code   RO          314    .ARM.Collect$$libinit$$00000025  c_w.l(libinit2.o)
    0x08000202   0x08000202   0x00000000   Code   RO          318    .ARM.Collect$$libinit$$0000002C  c_w.l(libinit2.o)
    0x08000202   0x08000202   0x00000000   Code   RO          320    .ARM.Collect$$libinit$$0000002E  c_w.l(libinit2.o)
    0x08000202   0x08000202   0x00000000   Code   RO          322    .ARM.Collect$$libinit$$00000030  c_w.l(libinit2.o)
    0x08000202   0x08000202   0x00000000   Code   RO          324    .ARM.Collect$$libinit$$00000032  c_w.l(libinit2.o)
    0x08000202   0x08000202   0x00000002   Code   RO          325    .ARM.Collect$$libinit$$00000033  c_w.l(libinit2.o)
    0x08000204   0x08000204   0x00000002   Code   RO          345    .ARM.Collect$$libshutdown$$00000000  c_w.l(libshutdown.o)
    0x08000206   0x08000206   0x00000000   Code   RO          358    .ARM.Collect$$libshutdown$$00000002  c_w.l(libshutdown2.o)
    0x08000206   0x08000206   0x00000000   Code   RO          360    .ARM.Collect$$libshutdown$$00000004  c_w.l(libshutdown2.o)
    0x08000206   0x08000206   0x00000000   Code   RO          362    .ARM.Collect$$libshutdown$$00000006  c_w.l(libshutdown2.o)
    0x08000206   0x08000206   0x00000000   Code   RO          365    .ARM.Collect$$libshutdown$$00000009  c_w.l(libshutdown2.o)
    0x08000206   0x08000206   0x00000000   Code   RO          368    .ARM.Collect$$libshutdown$$0000000C  c_w.l(libshutdown2.o)
    0x08000206   0x08000206   0x00000000   Code   RO          370    .ARM.Collect$$libshutdown$$0000000E  c_w.l(libshutdown2.o)
    0x08000206   0x08000206   0x00000000   Code   RO          373    .ARM.Collect$$libshutdown$$00000011  c_w.l(libshutdown2.o)
    0x08000206   0x08000206   0x00000002   Code   RO          374    .ARM.Collect$$libshutdown$$00000012  c_w.l(libshutdown2.o)
    0x08000208   0x08000208   0x00000000   Code   RO          244    .ARM.Collect$$rtentry$$00000000  c_w.l(__rtentry.o)
    0x08000208   0x08000208   0x00000000   Code   RO          248    .ARM.Collect$$rtentry$$00000002  c_w.l(__rtentry2.o)
    0x08000208   0x08000208   0x00000006   Code   RO          260    .ARM.Collect$$rtentry$$00000004  c_w.l(__rtentry4.o)
    0x0800020e   0x0800020e   0x00000000   Code   RO          250    .ARM.Collect$$rtentry$$00000009  c_w.l(__rtentry2.o)
    0x0800020e   0x0800020e   0x00000004   Code   RO          251    .ARM.Collect$$rtentry$$0000000A  c_w.l(__rtentry2.o)
    0x08000212   0x08000212   0x00000000   Code   RO          253    .ARM.Collect$$rtentry$$0000000C  c_w.l(__rtentry2.o)
    0x08000212   0x08000212   0x00000008   Code   RO          254    .ARM.Collect$$rtentry$$0000000D  c_w.l(__rtentry2.o)
    0x0800021a   0x0800021a   0x00000002   Code   RO          279    .ARM.Collect$$rtexit$$00000000  c_w.l(rtexit.o)
    0x0800021c   0x0800021c   0x00000000   Code   RO          327    .ARM.Collect$$rtexit$$00000002  c_w.l(rtexit2.o)
    0x0800021c   0x0800021c   0x00000004   Code   RO          328    .ARM.Collect$$rtexit$$00000003  c_w.l(rtexit2.o)
    0x08000220   0x08000220   0x00000006   Code   RO          329    .ARM.Collect$$rtexit$$00000004  c_w.l(rtexit2.o)
    0x08000226   0x08000226   0x00000002   PAD
    0x08000228   0x08000228   0x00000040   Code   RO          192  * .text               startup_stm32f303xc.o
    0x08000268   0x08000268   0x0000000c   Code   RO          235    .text               c_w.l(strtok.o)
    0x08000274   0x08000274   0x00000080   Code   RO          238    .text               c_w.l(strcmpv7m.o)
    0x080002f4   0x080002f4   0x00000006   Code   RO          240    .text               c_w.l(heapauxi.o)
    0x080002fa   0x080002fa   0x00000002   PAD
    0x080002fc   0x080002fc   0x00000044   Code   RO          245    .text               c_w.l(strtok_int.o)
    0x08000340   0x08000340   0x00000020   Code   RO          262    .text               c_w.l(strcspn.o)
    0x08000360   0x08000360   0x0000001c   Code   RO          264    .text               c_w.l(strspn.o)
    0x0800037c   0x0800037c   0x0000004a   Code   RO          266    .text               c_w.l(sys_stackheap_outer.o)
    0x080003c6   0x080003c6   0x00000012   Code   RO          268    .text               c_w.l(exit.o)
    0x080003d8   0x080003d8   0x00000008   Code   RO          276    .text               c_w.l(libspace.o)
    0x080003e0   0x080003e0   0x0000000c   Code   RO          337    .text               c_w.l(sys_exit.o)
    0x080003ec   0x080003ec   0x00000002   Code   RO          348    .text               c_w.l(use_no_semi.o)
    0x080003ee   0x080003ee   0x00000000   Code   RO          350    .text               c_w.l(indicate_semi.o)
    0x080003ee   0x080003ee   0x00000002   PAD
    0x080003f0   0x080003f0   0x0000005c   Code   RO           75    i.Read_uart         drivers.o
    0x0800044c   0x0800044c   0x000000a0   Code   RO          199    i.SystemCoreClockUpdate  system_stm32f3xx.o
    0x080004ec   0x080004ec   0x0000007c   Code   RO          200    i.SystemInit        system_stm32f3xx.o
    0x08000568   0x08000568   0x00000068   Code   RO           77    i.USART1_IRQHandler  drivers.o
    0x080005d0   0x080005d0   0x000000a0   Code   RO           78    i.USART1_config     drivers.o
    0x08000670   0x08000670   0x00000016   Code   RO           79    i.USART1_putString  drivers.o
    0x08000686   0x08000686   0x00000002   PAD
    0x08000688   0x08000688   0x0000001c   Code   RO           80    i.USART1_send       drivers.o
    0x080006a4   0x080006a4   0x00000014   Code   RO           81    i.clear             drivers.o
    0x080006b8   0x080006b8   0x00000060   Code   RO           82    i.clk_config        drivers.o
    0x08000718   0x08000718   0x00000098   Code   RO           83    i.help              drivers.o
    0x080007b0   0x080007b0   0x000001ec   Code   RO            4    i.main              main.o
    0x0800099c   0x0800099c   0x00000078   Code   RO           85    i.opciones          drivers.o
    0x08000a14   0x08000a14   0x00000018   Code   RO           86    i.printconsol       drivers.o
    0x08000a2c   0x08000a2c   0x0000000a   Code   RO          335    x$fpl$fpinit        fz_wm.l(fpinit.o)
    0x08000a36   0x08000a36   0x00000018   Data   RO          201    .constdata          system_stm32f3xx.o
    0x08000a4e   0x08000a4e   0x00000002   PAD
    0x08000a50   0x08000a50   0x0000009c   Data   RO            6    .conststring        main.o
    0x08000aec   0x08000aec   0x00000062   Data   RO           88    .conststring        drivers.o
    0x08000b4e   0x08000b4e   0x00000002   PAD
    0x08000b50   0x08000b50   0x00000020   Data   RO          405    Region$$Table       anon$$obj.o


    Execution Region ER_RW (Exec base: 0x20000000, Load base: 0x08000b70, Size: 0x00000024, Max: 0xffffffff, ABSOLUTE)

    Exec Addr    Load Addr    Size         Type   Attr      Idx    E Section Name        Object

    0x20000000   0x08000b70   0x0000001a   Data   RW           89    .data               drivers.o
    0x2000001a   0x08000b8a   0x00000002   PAD
    0x2000001c   0x08000b8c   0x00000004   Data   RW          202    .data               system_stm32f3xx.o
    0x20000020   0x08000b90   0x00000004   Data   RW          236    .data               c_w.l(strtok.o)


    Execution Region ER_ZI (Exec base: 0x20000024, Load base: 0x08000b94, Size: 0x00000684, Max: 0xffffffff, ABSOLUTE)

    Exec Addr    Load Addr    Size         Type   Attr      Idx    E Section Name        Object

    0x20000024        -       0x00000020   Zero   RW           87    .bss                drivers.o
    0x20000044        -       0x00000060   Zero   RW          277    .bss                c_w.l(libspace.o)
    0x200000a4   0x08000b94   0x00000004   PAD
    0x200000a8        -       0x00000200   Zero   RW          190    HEAP                startup_stm32f303xc.o
    0x200002a8        -       0x00000400   Zero   RW          189    STACK               startup_stm32f303xc.o


==============================================================================

Image component sizes


      Code (inc. data)   RO Data    RW Data    ZI Data      Debug   Object Name

       818        266         98         26         32      36030   drivers.o
       492        412        156          0          0     464839   main.o
        64         26        392          0       1536        892   startup_stm32f303xc.o
       284         42         24          4          0       2175   system_stm32f3xx.o

    ----------------------------------------------------------------------
      1660        746        706         32       1568     503936   Object Totals
         0          0         32          0          0          0   (incl. Generated)
         2          0          4          2          0          0   (incl. Padding)

    ----------------------------------------------------------------------

      Code (inc. data)   RO Data    RW Data    ZI Data      Debug   Library Member Name

         8          0          0          0          0         68   __main.o
         0          0          0          0          0          0   __rtentry.o
        12          0          0          0          0          0   __rtentry2.o
         6          0          0          0          0          0   __rtentry4.o
        52          8          0          0          0          0   __scatter.o
        26          0          0          0          0          0   __scatter_copy.o
        28          0          0          0          0          0   __scatter_zi.o
        18          0          0          0          0         80   exit.o
         6          0          0          0          0        152   heapauxi.o
         0          0          0          0          0          0   indicate_semi.o
         2          0          0          0          0          0   libinit.o
         6          0          0          0          0          0   libinit2.o
         2          0          0          0          0          0   libshutdown.o
         2          0          0          0          0          0   libshutdown2.o
         8          4          0          0         96         68   libspace.o
         2          0          0          0          0          0   rtexit.o
        10          0          0          0          0          0   rtexit2.o
       128          0          0          0          0         68   strcmpv7m.o
        32          0          0          0          0         80   strcspn.o
        28          0          0          0          0         80   strspn.o
        12          6          0          4          0         68   strtok.o
        68          4          0          0          0         84   strtok_int.o
        12          4          0          0          0         68   sys_exit.o
        74          0          0          0          0         80   sys_stackheap_outer.o
         2          0          0          0          0         68   use_no_semi.o
        10          0          0          0          0        116   fpinit.o

    ----------------------------------------------------------------------
       562         26          0          4        100       1080   Library Totals
         8          0          0          0          4          0   (incl. Padding)

    ----------------------------------------------------------------------

      Code (inc. data)   RO Data    RW Data    ZI Data      Debug   Library Name

       544         26          0          4         96        964   c_w.l
        10          0          0          0          0        116   fz_wm.l

    ----------------------------------------------------------------------
       562         26          0          4        100       1080   Library Totals

    ----------------------------------------------------------------------

==============================================================================


      Code (inc. data)   RO Data    RW Data    ZI Data      Debug   

      2222        772        706         36       1668     503700   Grand Totals
      2222        772        706         36       1668     503700   ELF Image Totals
      2222        772        706         36          0          0   ROM Totals

==============================================================================

    Total RO  Size (Code + RO Data)                 2928 (   2.86kB)
    Total RW  Size (RW Data + ZI Data)              1704 (   1.66kB)
    Total ROM Size (Code + RO Data + RW Data)       2964 (   2.89kB)

==============================================================================

